
> frontend@0.0.0 test
> vitest --run --reporter=verbose


[7m[1m[36m RUN [39m[22m[27m [36mv1.6.1[39m [90mC:/Users/KESHAV/Downloads/foodredist/Food-Redistribution-Platform/frontend[39m

node.exe : [90mstderr[2m | src/__tests__/pages/Login.test.tsx[2m > 
[22m[2mLogin - User Authentication[2m > [22m[2mshould render login form 
with email and password fields[22m[39m
At line:1 char:1
+ & "C:\Program Files\nodejs/node.exe" "C:\Program Files\nodejs/node_mo ...
+ ~~~~~~~~~~~~~~~~~~~~~~~~~~~~~~~~~~~~~~~~~~~~~~~~~~~~~~~~~~~~~~~~~~~~~
    + CategoryInfo          : NotSpecified: ([90mstderr[2m...ields[22m[39m 
   :String) [], RemoteException
    + FullyQualifiedErrorId : NativeCommandError
 
Error: Uncaught [ReferenceError: mockNavigate is not defined]
    at reportException (C:\Users\KESHAV\Downloads\foodredist\Food-Redistributio
n-Platform\frontend\node_modules\jsdom\lib\jsdom\living\helpers\runtime-script-
errors.js:66:24)
    at innerInvokeEventListeners (C:\Users\KESHAV\Downloads\foodredist\Food-Red
istribution-Platform\frontend\node_modules\jsdom\lib\jsdom\living\events\EventT
arget-impl.js:353:9)
    at invokeEventListeners (C:\Users\KESHAV\Downloads\foodredist\Food-Redistri
bution-Platform\frontend\node_modules\jsdom\lib\jsdom\living\events\EventTarget
-impl.js:286:3)
    at HTMLUnknownElementImpl._dispatch (C:\Users\KESHAV\Downloads\foodredist\F
ood-Redistribution-Platform\frontend\node_modules\jsdom\lib\jsdom\living\events
\EventTarget-impl.js:233:9)
    at HTMLUnknownElementImpl.dispatchEvent (C:\Users\KESHAV\Downloads\foodredi
st\Food-Redistribution-Platform\frontend\node_modules\jsdom\lib\jsdom\living\ev
ents\EventTarget-impl.js:104:17)
    at HTMLUnknownElement.dispatchEvent (C:\Users\KESHAV\Downloads\foodredist\F
ood-Redistribution-Platform\frontend\node_modules\jsdom\lib\jsdom\living\genera
ted\EventTarget.js:241:34)
    at Object.invokeGuardedCallbackDev (C:\Users\KESHAV\Downloads\foodredist\Fo
od-Redistribution-Platform\frontend\node_modules\react-dom\cjs\react-dom.develo
pment.js:4213:16)
    at invokeGuardedCallback (C:\Users\KESHAV\Downloads\foodredist\Food-Redistr
ibution-Platform\frontend\node_modules\react-dom\cjs\react-dom.development.js:4
277:31)
    at beginWork$1 (C:\Users\KESHAV\Downloads\foodredist\Food-Redistribution-Pl
atform\frontend\node_modules\react-dom\cjs\react-dom.development.js:27490:7)
    at performUnitOfWork (C:\Users\KESHAV\Downloads\foodredist\Food-Redistribut
ion-Platform\frontend\node_modules\react-dom\cjs\react-dom.development.js:26599
:12) ReferenceError: mockNavigate is not defined
    at Proxy.useNavigate [90m(C:\Users\KESHAV\Downloads\foodredist\Food-Redist
ribution-Platform\frontend\[39msrc\__tests__\pages\Login.test.tsx:17:26[90m)
[39m
    at Login [90m(C:\Users\KESHAV\Downloads\foodredist\Food-Redistribution-Pla
tform\frontend\[39msrc\pages\Login.tsx:11:20[90m)[39m
    at renderWithHooks [90m(C:\Users\KESHAV\Downloads\foodredist\Food-Redistri
bution-Platform\frontend\[39mnode_modules\[4mreact-dom[24m\cjs\react-dom.dev
elopment.js:15486:18[90m)[39m
    at mountIndeterminateComponent [90m(C:\Users\KESHAV\Downloads\foodredist\F
ood-Redistribution-Platform\frontend\[39mnode_modules\[4mreact-dom[24m\cjs\r
eact-dom.development.js:20103:13[90m)[39m
    at beginWork [90m(C:\Users\KESHAV\Downloads\foodredist\Food-Redistribution
-Platform\frontend\[39mnode_modules\[4mreact-dom[24m\cjs\react-dom.developme
nt.js:21626:16[90m)[39m
    at HTMLUnknownElement.callCallback [90m(C:\Users\KESHAV\Downloads\foodredi
st\Food-Redistribution-Platform\frontend\[39mnode_modules\[4mreact-dom[24m\c
js\react-dom.development.js:4164:14[90m)[39m
    at HTMLUnknownElement.callTheUserObjectsOperation [90m(C:\Users\KESHAV\Dow
nloads\foodredist\Food-Redistribution-Platform\frontend\[39mnode_modules\[4mj
sdom[24m\lib\jsdom\living\generated\EventListener.js:26:30[90m)[39m
    at innerInvokeEventListeners [90m(C:\Users\KESHAV\Downloads\foodredist\Foo
d-Redistribution-Platform\frontend\[39mnode_modules\[4mjsdom[24m\lib\jsdom\l
iving\events\EventTarget-impl.js:350:25[90m)[39m
    at invokeEventListeners [90m(C:\Users\KESHAV\Downloads\foodredist\Food-Red
istribution-Platform\frontend\[39mnode_modules\[4mjsdom[24m\lib\jsdom\living
\events\EventTarget-impl.js:286:3[90m)[39m
    at HTMLUnknownElementImpl._dispatch [90m(C:\Users\KESHAV\Downloads\foodred
ist\Food-Redistribution-Platform\frontend\[39mnode_modules\[4mjsdom[24m\lib\
jsdom\living\events\EventTarget-impl.js:233:9[90m)[39m
Error: Uncaught [ReferenceError: mockNavigate is not defined]
    at reportException (C:\Users\KESHAV\Downloads\foodredist\Food-Redistributio
n-Platform\frontend\node_modules\jsdom\lib\jsdom\living\helpers\runtime-script-
errors.js:66:24)
    at innerInvokeEventListeners (C:\Users\KESHAV\Downloads\foodredist\Food-Red
istribution-Platform\frontend\node_modules\jsdom\lib\jsdom\living\events\EventT
arget-impl.js:353:9)
    at invokeEventListeners (C:\Users\KESHAV\Downloads\foodredist\Food-Redistri
bution-Platform\frontend\node_modules\jsdom\lib\jsdom\living\events\EventTarget
-impl.js:286:3)
    at HTMLUnknownElementImpl._dispatch (C:\Users\KESHAV\Downloads\foodredist\F
ood-Redistribution-Platform\frontend\node_modules\jsdom\lib\jsdom\living\events
\EventTarget-impl.js:233:9)
    at HTMLUnknownElementImpl.dispatchEvent (C:\Users\KESHAV\Downloads\foodredi
st\Food-Redistribution-Platform\frontend\node_modules\jsdom\lib\jsdom\living\ev
ents\EventTarget-impl.js:104:17)
    at HTMLUnknownElement.dispatchEvent (C:\Users\KESHAV\Downloads\foodredist\F
ood-Redistribution-Platform\frontend\node_modules\jsdom\lib\jsdom\living\genera
ted\EventTarget.js:241:34)
    at Object.invokeGuardedCallbackDev (C:\Users\KESHAV\Downloads\foodredist\Fo
od-Redistribution-Platform\frontend\node_modules\react-dom\cjs\react-dom.develo
pment.js:4213:16)
    at invokeGuardedCallback (C:\Users\KESHAV\Downloads\foodredist\Food-Redistr
ibution-Platform\frontend\node_modules\react-dom\cjs\react-dom.development.js:4
277:31)
    at beginWork$1 (C:\Users\KESHAV\Downloads\foodredist\Food-Redistribution-Pl
atform\frontend\node_modules\react-dom\cjs\react-dom.development.js:27490:7)
    at performUnitOfWork (C:\Users\KESHAV\Downloads\foodredist\Food-Redistribut
ion-Platform\frontend\node_modules\react-dom\cjs\react-dom.development.js:26599
:12) ReferenceError: mockNavigate is not defined
    at Proxy.useNavigate [90m(C:\Users\KESHAV\Downloads\foodredist\Food-Redist
ribution-Platform\frontend\[39msrc\__tests__\pages\Login.test.tsx:17:26[90m)
[39m
    at Login [90m(C:\Users\KESHAV\Downloads\foodredist\Food-Redistribution-Pla
tform\frontend\[39msrc\pages\Login.tsx:11:20[90m)[39m
    at renderWithHooks [90m(C:\Users\KESHAV\Downloads\foodredist\Food-Redistri
bution-Platform\frontend\[39mnode_modules\[4mreact-dom[24m\cjs\react-dom.dev
elopment.js:15486:18[90m)[39m
    at mountIndeterminateComponent [90m(C:\Users\KESHAV\Downloads\foodredist\F
ood-Redistribution-Platform\frontend\[39mnode_modules\[4mreact-dom[24m\cjs\r
eact-dom.development.js:20103:13[90m)[39m
    at beginWork [90m(C:\Users\KESHAV\Downloads\foodredist\Food-Redistribution
-Platform\frontend\[39mnode_modules\[4mreact-dom[24m\cjs\react-dom.developme
nt.js:21626:16[90m)[39m
    at HTMLUnknownElement.callCallback [90m(C:\Users\KESHAV\Downloads\foodredi
st\Food-Redistribution-Platform\frontend\[39mnode_modules\[4mreact-dom[24m\c
js\react-dom.development.js:4164:14[90m)[39m
    at HTMLUnknownElement.callTheUserObjectsOperation [90m(C:\Users\KESHAV\Dow
nloads\foodredist\Food-Redistribution-Platform\frontend\[39mnode_modules\[4mj
sdom[24m\lib\jsdom\living\generated\EventListener.js:26:30[90m)[39m
    at innerInvokeEventListeners [90m(C:\Users\KESHAV\Downloads\foodredist\Foo
d-Redistribution-Platform\frontend\[39mnode_modules\[4mjsdom[24m\lib\jsdom\l
iving\events\EventTarget-impl.js:350:25[90m)[39m
    at invokeEventListeners [90m(C:\Users\KESHAV\Downloads\foodredist\Food-Red
istribution-Platform\frontend\[39mnode_modules\[4mjsdom[24m\lib\jsdom\living
\events\EventTarget-impl.js:286:3[90m)[39m
    at HTMLUnknownElementImpl._dispatch [90m(C:\Users\KESHAV\Downloads\foodred
ist\Food-Redistribution-Platform\frontend\[39mnode_modules\[4mjsdom[24m\lib\
jsdom\living\events\EventTarget-impl.js:233:9[90m)[39m
The above error occurred in the <Login> component:

    at Login (C:\Users\KESHAV\Downloads\foodredist\Food-Redistribution-Platform
\frontend\src\pages\Login.tsx:12:51)

Consider adding an error boundary to your tree to customize error handling 
behavior.
Visit https://reactjs.org/link/error-boundaries to learn more about error 
boundaries.

[90mstderr[2m | src/__tests__/pages/Login.test.tsx[2m > [22m[2mLogin - 
User Authentication[2m > [22m[2mshould display login page title and 
branding[22m[39m
Error: Uncaught [ReferenceError: mockNavigate is not defined]
    at reportException (C:\Users\KESHAV\Downloads\foodredist\Food-Redistributio
n-Platform\frontend\node_modules\jsdom\lib\jsdom\living\helpers\runtime-script-
errors.js:66:24)
    at innerInvokeEventListeners (C:\Users\KESHAV\Downloads\foodredist\Food-Red
istribution-Platform\frontend\node_modules\jsdom\lib\jsdom\living\events\EventT
arget-impl.js:353:9)
    at invokeEventListeners (C:\Users\KESHAV\Downloads\foodredist\Food-Redistri
bution-Platform\frontend\node_modules\jsdom\lib\jsdom\living\events\EventTarget
-impl.js:286:3)
    at HTMLUnknownElementImpl._dispatch (C:\Users\KESHAV\Downloads\foodredist\F
ood-Redistribution-Platform\frontend\node_modules\jsdom\lib\jsdom\living\events
\EventTarget-impl.js:233:9)
    at HTMLUnknownElementImpl.dispatchEvent (C:\Users\KESHAV\Downloads\foodredi
st\Food-Redistribution-Platform\frontend\node_modules\jsdom\lib\jsdom\living\ev
ents\EventTarget-impl.js:104:17)
    at HTMLUnknownElement.dispatchEvent (C:\Users\KESHAV\Downloads\foodredist\F
ood-Redistribution-Platform\frontend\node_modules\jsdom\lib\jsdom\living\genera
ted\EventTarget.js:241:34)
    at Object.invokeGuardedCallbackDev (C:\Users\KESHAV\Downloads\foodredist\Fo
od-Redistribution-Platform\frontend\node_modules\react-dom\cjs\react-dom.develo
pment.js:4213:16)
    at invokeGuardedCallback (C:\Users\KESHAV\Downloads\foodredist\Food-Redistr
ibution-Platform\frontend\node_modules\react-dom\cjs\react-dom.development.js:4
277:31)
    at beginWork$1 (C:\Users\KESHAV\Downloads\foodredist\Food-Redistribution-Pl
atform\frontend\node_modules\react-dom\cjs\react-dom.development.js:27490:7)
    at performUnitOfWork (C:\Users\KESHAV\Downloads\foodredist\Food-Redistribut
ion-Platform\frontend\node_modules\react-dom\cjs\react-dom.development.js:26599
:12) ReferenceError: mockNavigate is not defined
    at Proxy.useNavigate [90m(C:\Users\KESHAV\Downloads\foodredist\Food-Redist
ribution-Platform\frontend\[39msrc\__tests__\pages\Login.test.tsx:17:26[90m)
[39m
    at Login [90m(C:\Users\KESHAV\Downloads\foodredist\Food-Redistribution-Pla
tform\frontend\[39msrc\pages\Login.tsx:11:20[90m)[39m
    at renderWithHooks [90m(C:\Users\KESHAV\Downloads\foodredist\Food-Redistri
bution-Platform\frontend\[39mnode_modules\[4mreact-dom[24m\cjs\react-dom.dev
elopment.js:15486:18[90m)[39m
    at mountIndeterminateComponent [90m(C:\Users\KESHAV\Downloads\foodredist\F
ood-Redistribution-Platform\frontend\[39mnode_modules\[4mreact-dom[24m\cjs\r
eact-dom.development.js:20103:13[90m)[39m
    at beginWork [90m(C:\Users\KESHAV\Downloads\foodredist\Food-Redistribution
-Platform\frontend\[39mnode_modules\[4mreact-dom[24m\cjs\react-dom.developme
nt.js:21626:16[90m)[39m
    at HTMLUnknownElement.callCallback [90m(C:\Users\KESHAV\Downloads\foodredi
st\Food-Redistribution-Platform\frontend\[39mnode_modules\[4mreact-dom[24m\c
js\react-dom.development.js:4164:14[90m)[39m
    at HTMLUnknownElement.callTheUserObjectsOperation [90m(C:\Users\KESHAV\Dow
nloads\foodredist\Food-Redistribution-Platform\frontend\[39mnode_modules\[4mj
sdom[24m\lib\jsdom\living\generated\EventListener.js:26:30[90m)[39m
    at innerInvokeEventListeners [90m(C:\Users\KESHAV\Downloads\foodredist\Foo
d-Redistribution-Platform\frontend\[39mnode_modules\[4mjsdom[24m\lib\jsdom\l
iving\events\EventTarget-impl.js:350:25[90m)[39m
    at invokeEventListeners [90m(C:\Users\KESHAV\Downloads\foodredist\Food-Red
istribution-Platform\frontend\[39mnode_modules\[4mjsdom[24m\lib\jsdom\living
\events\EventTarget-impl.js:286:3[90m)[39m
    at HTMLUnknownElementImpl._dispatch [90m(C:\Users\KESHAV\Downloads\foodred
ist\Food-Redistribution-Platform\frontend\[39mnode_modules\[4mjsdom[24m\lib\
jsdom\living\events\EventTarget-impl.js:233:9[90m)[39m
Error: Uncaught [ReferenceError: mockNavigate is not defined]
    at reportException (C:\Users\KESHAV\Downloads\foodredist\Food-Redistributio
n-Platform\frontend\node_modules\jsdom\lib\jsdom\living\helpers\runtime-script-
errors.js:66:24)
    at innerInvokeEventListeners (C:\Users\KESHAV\Downloads\foodredist\Food-Red
istribution-Platform\frontend\node_modules\jsdom\lib\jsdom\living\events\EventT
arget-impl.js:353:9)
    at invokeEventListeners (C:\Users\KESHAV\Downloads\foodredist\Food-Redistri
bution-Platform\frontend\node_modules\jsdom\lib\jsdom\living\events\EventTarget
-impl.js:286:3)
    at HTMLUnknownElementImpl._dispatch (C:\Users\KESHAV\Downloads\foodredist\F
ood-Redistribution-Platform\frontend\node_modules\jsdom\lib\jsdom\living\events
\EventTarget-impl.js:233:9)
    at HTMLUnknownElementImpl.dispatchEvent (C:\Users\KESHAV\Downloads\foodredi
st\Food-Redistribution-Platform\frontend\node_modules\jsdom\lib\jsdom\living\ev
ents\EventTarget-impl.js:104:17)
    at HTMLUnknownElement.dispatchEvent (C:\Users\KESHAV\Downloads\foodredist\F
ood-Redistribution-Platform\frontend\node_modules\jsdom\lib\jsdom\living\genera
ted\EventTarget.js:241:34)
    at Object.invokeGuardedCallbackDev (C:\Users\KESHAV\Downloads\foodredist\Fo
od-Redistribution-Platform\frontend\node_modules\react-dom\cjs\react-dom.develo
pment.js:4213:16)
    at invokeGuardedCallback (C:\Users\KESHAV\Downloads\foodredist\Food-Redistr
ibution-Platform\frontend\node_modules\react-dom\cjs\react-dom.development.js:4
277:31)
    at beginWork$1 (C:\Users\KESHAV\Downloads\foodredist\Food-Redistribution-Pl
atform\frontend\node_modules\react-dom\cjs\react-dom.development.js:27490:7)
    at performUnitOfWork (C:\Users\KESHAV\Downloads\foodredist\Food-Redistribut
ion-Platform\frontend\node_modules\react-dom\cjs\react-dom.development.js:26599
:12) ReferenceError: mockNavigate is not defined
    at Proxy.useNavigate [90m(C:\Users\KESHAV\Downloads\foodredist\Food-Redist
ribution-Platform\frontend\[39msrc\__tests__\pages\Login.test.tsx:17:26[90m)
[39m
    at Login [90m(C:\Users\KESHAV\Downloads\foodredist\Food-Redistribution-Pla
tform\frontend\[39msrc\pages\Login.tsx:11:20[90m)[39m
    at renderWithHooks [90m(C:\Users\KESHAV\Downloads\foodredist\Food-Redistri
bution-Platform\frontend\[39mnode_modules\[4mreact-dom[24m\cjs\react-dom.dev
elopment.js:15486:18[90m)[39m
    at mountIndeterminateComponent [90m(C:\Users\KESHAV\Downloads\foodredist\F
ood-Redistribution-Platform\frontend\[39mnode_modules\[4mreact-dom[24m\cjs\r
eact-dom.development.js:20103:13[90m)[39m
    at beginWork [90m(C:\Users\KESHAV\Downloads\foodredist\Food-Redistribution
-Platform\frontend\[39mnode_modules\[4mreact-dom[24m\cjs\react-dom.developme
nt.js:21626:16[90m)[39m
    at HTMLUnknownElement.callCallback [90m(C:\Users\KESHAV\Downloads\foodredi
st\Food-Redistribution-Platform\frontend\[39mnode_modules\[4mreact-dom[24m\c
js\react-dom.development.js:4164:14[90m)[39m
    at HTMLUnknownElement.callTheUserObjectsOperation [90m(C:\Users\KESHAV\Dow
nloads\foodredist\Food-Redistribution-Platform\frontend\[39mnode_modules\[4mj
sdom[24m\lib\jsdom\living\generated\EventListener.js:26:30[90m)[39m
    at innerInvokeEventListeners [90m(C:\Users\KESHAV\Downloads\foodredist\Foo
d-Redistribution-Platform\frontend\[39mnode_modules\[4mjsdom[24m\lib\jsdom\l
iving\events\EventTarget-impl.js:350:25[90m)[39m
    at invokeEventListeners [90m(C:\Users\KESHAV\Downloads\foodredist\Food-Red
istribution-Platform\frontend\[39mnode_modules\[4mjsdom[24m\lib\jsdom\living
\events\EventTarget-impl.js:286:3[90m)[39m
    at HTMLUnknownElementImpl._dispatch [90m(C:\Users\KESHAV\Downloads\foodred
ist\Food-Redistribution-Platform\frontend\[39mnode_modules\[4mjsdom[24m\lib\
jsdom\living\events\EventTarget-impl.js:233:9[90m)[39m
The above error occurred in the <Login> component:

    at Login (C:\Users\KESHAV\Downloads\foodredist\Food-Redistribution-Platform
\frontend\src\pages\Login.tsx:12:51)

Consider adding an error boundary to your tree to customize error handling 
behavior.
Visit https://reactjs.org/link/error-boundaries to learn more about error 
boundaries.

[90mstderr[2m | src/__tests__/pages/Login.test.tsx[2m > [22m[2mLogin - 
User Authentication[2m > [22m[2mshould handle form submission with valid 
credentials[22m[39m
Error: Uncaught [ReferenceError: mockNavigate is not defined]
    at reportException (C:\Users\KESHAV\Downloads\foodredist\Food-Redistributio
n-Platform\frontend\node_modules\jsdom\lib\jsdom\living\helpers\runtime-script-
errors.js:66:24)
    at innerInvokeEventListeners (C:\Users\KESHAV\Downloads\foodredist\Food-Red
istribution-Platform\frontend\node_modules\jsdom\lib\jsdom\living\events\EventT
arget-impl.js:353:9)
    at invokeEventListeners (C:\Users\KESHAV\Downloads\foodredist\Food-Redistri
bution-Platform\frontend\node_modules\jsdom\lib\jsdom\living\events\EventTarget
-impl.js:286:3)
    at HTMLUnknownElementImpl._dispatch (C:\Users\KESHAV\Downloads\foodredist\F
ood-Redistribution-Platform\frontend\node_modules\jsdom\lib\jsdom\living\events
\EventTarget-impl.js:233:9)
    at HTMLUnknownElementImpl.dispatchEvent (C:\Users\KESHAV\Downloads\foodredi
st\Food-Redistribution-Platform\frontend\node_modules\jsdom\lib\jsdom\living\ev
ents\EventTarget-impl.js:104:17)
    at HTMLUnknownElement.dispatchEvent (C:\Users\KESHAV\Downloads\foodredist\F
ood-Redistribution-Platform\frontend\node_modules\jsdom\lib\jsdom\living\genera
ted\EventTarget.js:241:34)
    at Object.invokeGuardedCallbackDev (C:\Users\KESHAV\Downloads\foodredist\Fo
od-Redistribution-Platform\frontend\node_modules\react-dom\cjs\react-dom.develo
pment.js:4213:16)
    at invokeGuardedCallback (C:\Users\KESHAV\Downloads\foodredist\Food-Redistr
ibution-Platform\frontend\node_modules\react-dom\cjs\react-dom.development.js:4
277:31)
    at beginWork$1 (C:\Users\KESHAV\Downloads\foodredist\Food-Redistribution-Pl
atform\frontend\node_modules\react-dom\cjs\react-dom.development.js:27490:7)
    at performUnitOfWork (C:\Users\KESHAV\Downloads\foodredist\Food-Redistribut
ion-Platform\frontend\node_modules\react-dom\cjs\react-dom.development.js:26599
:12) ReferenceError: mockNavigate is not defined
    at Proxy.useNavigate [90m(C:\Users\KESHAV\Downloads\foodredist\Food-Redist
ribution-Platform\frontend\[39msrc\__tests__\pages\Login.test.tsx:17:26[90m)
[39m
    at Login [90m(C:\Users\KESHAV\Downloads\foodredist\Food-Redistribution-Pla
tform\frontend\[39msrc\pages\Login.tsx:11:20[90m)[39m
    at renderWithHooks [90m(C:\Users\KESHAV\Downloads\foodredist\Food-Redistri
bution-Platform\frontend\[39mnode_modules\[4mreact-dom[24m\cjs\react-dom.dev
elopment.js:15486:18[90m)[39m
    at mountIndeterminateComponent [90m(C:\Users\KESHAV\Downloads\foodredist\F
ood-Redistribution-Platform\frontend\[39mnode_modules\[4mreact-dom[24m\cjs\r
eact-dom.development.js:20103:13[90m)[39m
    at beginWork [90m(C:\Users\KESHAV\Downloads\foodredist\Food-Redistribution
-Platform\frontend\[39mnode_modules\[4mreact-dom[24m\cjs\react-dom.developme
nt.js:21626:16[90m)[39m
    at HTMLUnknownElement.callCallback [90m(C:\Users\KESHAV\Downloads\foodredi
st\Food-Redistribution-Platform\frontend\[39mnode_modules\[4mreact-dom[24m\c
js\react-dom.development.js:4164:14[90m)[39m
    at HTMLUnknownElement.callTheUserObjectsOperation [90m(C:\Users\KESHAV\Dow
nloads\foodredist\Food-Redistribution-Platform\frontend\[39mnode_modules\[4mj
sdom[24m\lib\jsdom\living\generated\EventListener.js:26:30[90m)[39m
    at innerInvokeEventListeners [90m(C:\Users\KESHAV\Downloads\foodredist\Foo
d-Redistribution-Platform\frontend\[39mnode_modules\[4mjsdom[24m\lib\jsdom\l
iving\events\EventTarget-impl.js:350:25[90m)[39m
    at invokeEventListeners [90m(C:\Users\KESHAV\Downloads\foodredist\Food-Red
istribution-Platform\frontend\[39mnode_modules\[4mjsdom[24m\lib\jsdom\living
\events\EventTarget-impl.js:286:3[90m)[39m
    at HTMLUnknownElementImpl._dispatch [90m(C:\Users\KESHAV\Downloads\foodred
ist\Food-Redistribution-Platform\frontend\[39mnode_modules\[4mjsdom[24m\lib\
jsdom\living\events\EventTarget-impl.js:233:9[90m)[39m
Error: Uncaught [ReferenceError: mockNavigate is not defined]
    at reportException (C:\Users\KESHAV\Downloads\foodredist\Food-Redistributio
n-Platform\frontend\node_modules\jsdom\lib\jsdom\living\helpers\runtime-script-
errors.js:66:24)
    at innerInvokeEventListeners (C:\Users\KESHAV\Downloads\foodredist\Food-Red
istribution-Platform\frontend\node_modules\jsdom\lib\jsdom\living\events\EventT
arget-impl.js:353:9)
    at invokeEventListeners (C:\Users\KESHAV\Downloads\foodredist\Food-Redistri
bution-Platform\frontend\node_modules\jsdom\lib\jsdom\living\events\EventTarget
-impl.js:286:3)
    at HTMLUnknownElementImpl._dispatch (C:\Users\KESHAV\Downloads\foodredist\F
ood-Redistribution-Platform\frontend\node_modules\jsdom\lib\jsdom\living\events
\EventTarget-impl.js:233:9)
    at HTMLUnknownElementImpl.dispatchEvent (C:\Users\KESHAV\Downloads\foodredi
st\Food-Redistribution-Platform\frontend\node_modules\jsdom\lib\jsdom\living\ev
ents\EventTarget-impl.js:104:17)
    at HTMLUnknownElement.dispatchEvent (C:\Users\KESHAV\Downloads\foodredist\F
ood-Redistribution-Platform\frontend\node_modules\jsdom\lib\jsdom\living\genera
ted\EventTarget.js:241:34)
    at Object.invokeGuardedCallbackDev (C:\Users\KESHAV\Downloads\foodredist\Fo
od-Redistribution-Platform\frontend\node_modules\react-dom\cjs\react-dom.develo
pment.js:4213:16)
    at invokeGuardedCallback (C:\Users\KESHAV\Downloads\foodredist\Food-Redistr
ibution-Platform\frontend\node_modules\react-dom\cjs\react-dom.development.js:4
277:31)
    at beginWork$1 (C:\Users\KESHAV\Downloads\foodredist\Food-Redistribution-Pl
atform\frontend\node_modules\react-dom\cjs\react-dom.development.js:27490:7)
    at performUnitOfWork (C:\Users\KESHAV\Downloads\foodredist\Food-Redistribut
ion-Platform\frontend\node_modules\react-dom\cjs\react-dom.development.js:26599
:12) ReferenceError: mockNavigate is not defined
    at Proxy.useNavigate [90m(C:\Users\KESHAV\Downloads\foodredist\Food-Redist
ribution-Platform\frontend\[39msrc\__tests__\pages\Login.test.tsx:17:26[90m)
[39m
    at Login [90m(C:\Users\KESHAV\Downloads\foodredist\Food-Redistribution-Pla
tform\frontend\[39msrc\pages\Login.tsx:11:20[90m)[39m
    at renderWithHooks [90m(C:\Users\KESHAV\Downloads\foodredist\Food-Redistri
bution-Platform\frontend\[39mnode_modules\[4mreact-dom[24m\cjs\react-dom.dev
elopment.js:15486:18[90m)[39m
    at mountIndeterminateComponent [90m(C:\Users\KESHAV\Downloads\foodredist\F
ood-Redistribution-Platform\frontend\[39mnode_modules\[4mreact-dom[24m\cjs\r
eact-dom.development.js:20103:13[90m)[39m
    at beginWork [90m(C:\Users\KESHAV\Downloads\foodredist\Food-Redistribution
-Platform\frontend\[39mnode_modules\[4mreact-dom[24m\cjs\react-dom.developme
nt.js:21626:16[90m)[39m
    at HTMLUnknownElement.callCallback [90m(C:\Users\KESHAV\Downloads\foodredi
st\Food-Redistribution-Platform\frontend\[39mnode_modules\[4mreact-dom[24m\c
js\react-dom.development.js:4164:14[90m)[39m
    at HTMLUnknownElement.callTheUserObjectsOperation [90m(C:\Users\KESHAV\Dow
nloads\foodredist\Food-Redistribution-Platform\frontend\[39mnode_modules\[4mj
sdom[24m\lib\jsdom\living\generated\EventListener.js:26:30[90m)[39m
    at innerInvokeEventListeners [90m(C:\Users\KESHAV\Downloads\foodredist\Foo
d-Redistribution-Platform\frontend\[39mnode_modules\[4mjsdom[24m\lib\jsdom\l
iving\events\EventTarget-impl.js:350:25[90m)[39m
    at invokeEventListeners [90m(C:\Users\KESHAV\Downloads\foodredist\Food-Red
istribution-Platform\frontend\[39mnode_modules\[4mjsdom[24m\lib\jsdom\living
\events\EventTarget-impl.js:286:3[90m)[39m
    at HTMLUnknownElementImpl._dispatch [90m(C:\Users\KESHAV\Downloads\foodred
ist\Food-Redistribution-Platform\frontend\[39mnode_modules\[4mjsdom[24m\lib\
jsdom\living\events\EventTarget-impl.js:233:9[90m)[39m
The above error occurred in the <Login> component:

    at Login (C:\Users\KESHAV\Downloads\foodredist\Food-Redistribution-Platform
\frontend\src\pages\Login.tsx:12:51)

Consider adding an error boundary to your tree to customize error handling 
behavior.
Visit https://reactjs.org/link/error-boundaries to learn more about error 
boundaries.

[90mstderr[2m | src/__tests__/pages/Login.test.tsx[2m > [22m[2mLogin - 
User Authentication[2m > [22m[2mshould display feature list for platform 
benefits[22m[39m
Error: Uncaught [ReferenceError: mockNavigate is not defined]
    at reportException (C:\Users\KESHAV\Downloads\foodredist\Food-Redistributio
n-Platform\frontend\node_modules\jsdom\lib\jsdom\living\helpers\runtime-script-
errors.js:66:24)
    at innerInvokeEventListeners (C:\Users\KESHAV\Downloads\foodredist\Food-Red
istribution-Platform\frontend\node_modules\jsdom\lib\jsdom\living\events\EventT
arget-impl.js:353:9)
    at invokeEventListeners (C:\Users\KESHAV\Downloads\foodredist\Food-Redistri
bution-Platform\frontend\node_modules\jsdom\lib\jsdom\living\events\EventTarget
-impl.js:286:3)
    at HTMLUnknownElementImpl._dispatch (C:\Users\KESHAV\Downloads\foodredist\F
ood-Redistribution-Platform\frontend\node_modules\jsdom\lib\jsdom\living\events
\EventTarget-impl.js:233:9)
    at HTMLUnknownElementImpl.dispatchEvent (C:\Users\KESHAV\Downloads\foodredi
st\Food-Redistribution-Platform\frontend\node_modules\jsdom\lib\jsdom\living\ev
ents\EventTarget-impl.js:104:17)
    at HTMLUnknownElement.dispatchEvent (C:\Users\KESHAV\Downloads\foodredist\F
ood-Redistribution-Platform\frontend\node_modules\jsdom\lib\jsdom\living\genera
ted\EventTarget.js:241:34)
    at Object.invokeGuardedCallbackDev (C:\Users\KESHAV\Downloads\foodredist\Fo
od-Redistribution-Platform\frontend\node_modules\react-dom\cjs\react-dom.develo
pment.js:4213:16)
    at invokeGuardedCallback (C:\Users\KESHAV\Downloads\foodredist\Food-Redistr
ibution-Platform\frontend\node_modules\react-dom\cjs\react-dom.development.js:4
277:31)
    at beginWork$1 (C:\Users\KESHAV\Downloads\foodredist\Food-Redistribution-Pl
atform\frontend\node_modules\react-dom\cjs\react-dom.development.js:27490:7)
    at performUnitOfWork (C:\Users\KESHAV\Downloads\foodredist\Food-Redistribut
ion-Platform\frontend\node_modules\react-dom\cjs\react-dom.development.js:26599
:12) ReferenceError: mockNavigate is not defined
    at Proxy.useNavigate [90m(C:\Users\KESHAV\Downloads\foodredist\Food-Redist
ribution-Platform\frontend\[39msrc\__tests__\pages\Login.test.tsx:17:26[90m)
[39m
    at Login [90m(C:\Users\KESHAV\Downloads\foodredist\Food-Redistribution-Pla
tform\frontend\[39msrc\pages\Login.tsx:11:20[90m)[39m
    at renderWithHooks [90m(C:\Users\KESHAV\Downloads\foodredist\Food-Redistri
bution-Platform\frontend\[39mnode_modules\[4mreact-dom[24m\cjs\react-dom.dev
elopment.js:15486:18[90m)[39m
    at mountIndeterminateComponent [90m(C:\Users\KESHAV\Downloads\foodredist\F
ood-Redistribution-Platform\frontend\[39mnode_modules\[4mreact-dom[24m\cjs\r
eact-dom.development.js:20103:13[90m)[39m
    at beginWork [90m(C:\Users\KESHAV\Downloads\foodredist\Food-Redistribution
-Platform\frontend\[39mnode_modules\[4mreact-dom[24m\cjs\react-dom.developme
nt.js:21626:16[90m)[39m
    at HTMLUnknownElement.callCallback [90m(C:\Users\KESHAV\Downloads\foodredi
st\Food-Redistribution-Platform\frontend\[39mnode_modules\[4mreact-dom[24m\c
js\react-dom.development.js:4164:14[90m)[39m
    at HTMLUnknownElement.callTheUserObjectsOperation [90m(C:\Users\KESHAV\Dow
nloads\foodredist\Food-Redistribution-Platform\frontend\[39mnode_modules\[4mj
sdom[24m\lib\jsdom\living\generated\EventListener.js:26:30[90m)[39m
    at innerInvokeEventListeners [90m(C:\Users\KESHAV\Downloads\foodredist\Foo
d-Redistribution-Platform\frontend\[39mnode_modules\[4mjsdom[24m\lib\jsdom\l
iving\events\EventTarget-impl.js:350:25[90m)[39m
    at invokeEventListeners [90m(C:\Users\KESHAV\Downloads\foodredist\Food-Red
istribution-Platform\frontend\[39mnode_modules\[4mjsdom[24m\lib\jsdom\living
\events\EventTarget-impl.js:286:3[90m)[39m
    at HTMLUnknownElementImpl._dispatch [90m(C:\Users\KESHAV\Downloads\foodred
ist\Food-Redistribution-Platform\frontend\[39mnode_modules\[4mjsdom[24m\lib\
jsdom\living\events\EventTarget-impl.js:233:9[90m)[39m
Error: Uncaught [ReferenceError: mockNavigate is not defined]
    at reportException (C:\Users\KESHAV\Downloads\foodredist\Food-Redistributio
n-Platform\frontend\node_modules\jsdom\lib\jsdom\living\helpers\runtime-script-
errors.js:66:24)
    at innerInvokeEventListeners (C:\Users\KESHAV\Downloads\foodredist\Food-Red
istribution-Platform\frontend\node_modules\jsdom\lib\jsdom\living\events\EventT
arget-impl.js:353:9)
    at invokeEventListeners (C:\Users\KESHAV\Downloads\foodredist\Food-Redistri
bution-Platform\frontend\node_modules\jsdom\lib\jsdom\living\events\EventTarget
-impl.js:286:3)
    at HTMLUnknownElementImpl._dispatch (C:\Users\KESHAV\Downloads\foodredist\F
ood-Redistribution-Platform\frontend\node_modules\jsdom\lib\jsdom\living\events
\EventTarget-impl.js:233:9)
    at HTMLUnknownElementImpl.dispatchEvent (C:\Users\KESHAV\Downloads\foodredi
st\Food-Redistribution-Platform\frontend\node_modules\jsdom\lib\jsdom\living\ev
ents\EventTarget-impl.js:104:17)
    at HTMLUnknownElement.dispatchEvent (C:\Users\KESHAV\Downloads\foodredist\F
ood-Redistribution-Platform\frontend\node_modules\jsdom\lib\jsdom\living\genera
ted\EventTarget.js:241:34)
    at Object.invokeGuardedCallbackDev (C:\Users\KESHAV\Downloads\foodredist\Fo
od-Redistribution-Platform\frontend\node_modules\react-dom\cjs\react-dom.develo
pment.js:4213:16)
    at invokeGuardedCallback (C:\Users\KESHAV\Downloads\foodredist\Food-Redistr
ibution-Platform\frontend\node_modules\react-dom\cjs\react-dom.development.js:4
277:31)
    at beginWork$1 (C:\Users\KESHAV\Downloads\foodredist\Food-Redistribution-Pl
atform\frontend\node_modules\react-dom\cjs\react-dom.development.js:27490:7)
    at performUnitOfWork (C:\Users\KESHAV\Downloads\foodredist\Food-Redistribut
ion-Platform\frontend\node_modules\react-dom\cjs\react-dom.development.js:26599
:12) ReferenceError: mockNavigate is not defined
    at Proxy.useNavigate [90m(C:\Users\KESHAV\Downloads\foodredist\Food-Redist
ribution-Platform\frontend\[39msrc\__tests__\pages\Login.test.tsx:17:26[90m)
[39m
    at Login [90m(C:\Users\KESHAV\Downloads\foodredist\Food-Redistribution-Pla
tform\frontend\[39msrc\pages\Login.tsx:11:20[90m)[39m
    at renderWithHooks [90m(C:\Users\KESHAV\Downloads\foodredist\Food-Redistri
bution-Platform\frontend\[39mnode_modules\[4mreact-dom[24m\cjs\react-dom.dev
elopment.js:15486:18[90m)[39m
    at mountIndeterminateComponent [90m(C:\Users\KESHAV\Downloads\foodredist\F
ood-Redistribution-Platform\frontend\[39mnode_modules\[4mreact-dom[24m\cjs\r
eact-dom.development.js:20103:13[90m)[39m
    at beginWork [90m(C:\Users\KESHAV\Downloads\foodredist\Food-Redistribution
-Platform\frontend\[39mnode_modules\[4mreact-dom[24m\cjs\react-dom.developme
nt.js:21626:16[90m)[39m
    at HTMLUnknownElement.callCallback [90m(C:\Users\KESHAV\Downloads\foodredi
st\Food-Redistribution-Platform\frontend\[39mnode_modules\[4mreact-dom[24m\c
js\react-dom.development.js:4164:14[90m)[39m
    at HTMLUnknownElement.callTheUserObjectsOperation [90m(C:\Users\KESHAV\Dow
nloads\foodredist\Food-Redistribution-Platform\frontend\[39mnode_modules\[4mj
sdom[24m\lib\jsdom\living\generated\EventListener.js:26:30[90m)[39m
    at innerInvokeEventListeners [90m(C:\Users\KESHAV\Downloads\foodredist\Foo
d-Redistribution-Platform\frontend\[39mnode_modules\[4mjsdom[24m\lib\jsdom\l
iving\events\EventTarget-impl.js:350:25[90m)[39m
    at invokeEventListeners [90m(C:\Users\KESHAV\Downloads\foodredist\Food-Red
istribution-Platform\frontend\[39mnode_modules\[4mjsdom[24m\lib\jsdom\living
\events\EventTarget-impl.js:286:3[90m)[39m
    at HTMLUnknownElementImpl._dispatch [90m(C:\Users\KESHAV\Downloads\foodred
ist\Food-Redistribution-Platform\frontend\[39mnode_modules\[4mjsdom[24m\lib\
jsdom\living\events\EventTarget-impl.js:233:9[90m)[39m
The above error occurred in the <Login> component:

    at Login (C:\Users\KESHAV\Downloads\foodredist\Food-Redistribution-Platform
\frontend\src\pages\Login.tsx:12:51)

Consider adding an error boundary to your tree to customize error handling 
behavior.
Visit https://reactjs.org/link/error-boundaries to learn more about error 
boundaries.

[90mstderr[2m | src/__tests__/pages/Login.test.tsx[2m > [22m[2mLogin - 
User Authentication[2m > [22m[2mshould render register link for new 
users[22m[39m
 [31m├ù[39m src/__tests__/pages/Login.test.tsx[2m > [22mLogin - User Authentication[2m > [22mshould render login form with email and password fields
[31m   ΓåÆ mockNavigate is not defined[39m
 [31m├ù[39m src/__tests__/pages/Login.test.tsx[2m > [22mLogin - User Authentication[2m > [22mshould display login page title and branding
Error: Uncaught [ReferenceError: mockNavigate is not defined]
    at reportException (C:\Users\KESHAV\Downloads\foodredist\Food-Redistributio
n-Platform\frontend\node_modules\jsdom\lib\jsdom\living\helpers\runtime-script-
errors.js:66:24)
[31m   ΓåÆ mockNavigate is not defined[39m
 [31m├ù[39m src/__tests__/pages/Login.test.tsx[2m > [22mLogin - User Authentication[2m > [22mshould handle form submission with valid credentials
[31m   ΓåÆ mockNavigate is not defined[39m
    at innerInvokeEventListeners (C:\Users\KESHAV\Downloads\foodredist\Food-Red
istribution-Platform\frontend\node_modules\jsdom\lib\jsdom\living\events\EventT
arget-impl.js:353:9)
    at invokeEventListeners (C:\Users\KESHAV\Downloads\foodredist\Food-Redistri
bution-Platform\frontend\node_modules\jsdom\lib\jsdom\living\events\EventTarget
-impl.js:286:3)
 [31m├ù[39m src/__tests__/pages/Login.test.tsx[2m > [22mLogin - User Authentication[2m > [22mshould display feature list for platform benefits
[31m   ΓåÆ mockNavigate is not defined[39m
    at HTMLUnknownElementImpl._dispatch (C:\Users\KESHAV\Downloads\foodredist\F
ood-Redistribution-Platform\frontend\node_modules\jsdom\lib\jsdom\living\events
\EventTarget-impl.js:233:9)
    at HTMLUnknownElementImpl.dispatchEvent (C:\Users\KESHAV\Downloads\foodredi
st\Food-Redistribution-Platform\frontend\node_modules\jsdom\lib\jsdom\living\ev
ents\EventTarget-impl.js:104:17)
    at HTMLUnknownElement.dispatchEvent (C:\Users\KESHAV\Downloads\foodredist\F
ood-Redistribution-Platform\frontend\node_modules\jsdom\lib\jsdom\living\genera
ted\EventTarget.js:241:34)
 [31m├ù[39m src/__tests__/pages/Login.test.tsx[2m > [22mLogin - User Authentication[2m > [22mshould render register link for new users
[31m   ΓåÆ mockNavigate is not defined[39m
    at Object.invokeGuardedCallbackDev (C:\Users\KESHAV\Downloads\foodredist\Fo
od-Redistribution-Platform\frontend\node_modules\react-dom\cjs\react-dom.develo
pment.js:4213:16)
    at invokeGuardedCallback (C:\Users\KESHAV\Downloads\foodredist\Food-Redistr
ibution-Platform\frontend\node_modules\react-dom\cjs\react-dom.development.js:4
277:31)
    at beginWork$1 (C:\Users\KESHAV\Downloads\foodredist\Food-Redistribution-Pl
atform\frontend\node_modules\react-dom\cjs\react-dom.development.js:27490:7)
    at performUnitOfWork (C:\Users\KESHAV\Downloads\foodredist\Food-Redistribut
ion-Platform\frontend\node_modules\react-dom\cjs\react-dom.development.js:26599
:12) ReferenceError: mockNavigate is not defined
    at Proxy.useNavigate [90m(C:\Users\KESHAV\Downloads\foodredist\Food-Redist
ribution-Platform\frontend\[39msrc\__tests__\pages\Login.test.tsx:17:26[90m)
[39m
    at Login [90m(C:\Users\KESHAV\Downloads\foodredist\Food-Redistribution-Pla
tform\frontend\[39msrc\pages\Login.tsx:11:20[90m)[39m
    at renderWithHooks [90m(C:\Users\KESHAV\Downloads\foodredist\Food-Redistri
bution-Platform\frontend\[39mnode_modules\[4mreact-dom[24m\cjs\react-dom.dev
elopment.js:15486:18[90m)[39m
    at mountIndeterminateComponent [90m(C:\Users\KESHAV\Downloads\foodredist\F
ood-Redistribution-Platform\frontend\[39mnode_modules\[4mreact-dom[24m\cjs\r
eact-dom.development.js:20103:13[90m)[39m
    at beginWork [90m(C:\Users\KESHAV\Downloads\foodredist\Food-Redistribution
-Platform\frontend\[39mnode_modules\[4mreact-dom[24m\cjs\react-dom.developme
nt.js:21626:16[90m)[39m
    at HTMLUnknownElement.callCallback [90m(C:\Users\KESHAV\Downloads\foodredi
st\Food-Redistribution-Platform\frontend\[39mnode_modules\[4mreact-dom[24m\c
js\react-dom.development.js:4164:14[90m)[39m
    at HTMLUnknownElement.callTheUserObjectsOperation [90m(C:\Users\KESHAV\Dow
nloads\foodredist\Food-Redistribution-Platform\frontend\[39mnode_modules\[4mj
sdom[24m\lib\jsdom\living\generated\EventListener.js:26:30[90m)[39m
    at innerInvokeEventListeners [90m(C:\Users\KESHAV\Downloads\foodredist\Foo
d-Redistribution-Platform\frontend\[39mnode_modules\[4mjsdom[24m\lib\jsdom\l
iving\events\EventTarget-impl.js:350:25[90m)[39m
    at invokeEventListeners [90m(C:\Users\KESHAV\Downloads\foodredist\Food-Red
istribution-Platform\frontend\[39mnode_modules\[4mjsdom[24m\lib\jsdom\living
\events\EventTarget-impl.js:286:3[90m)[39m
    at HTMLUnknownElementImpl._dispatch [90m(C:\Users\KESHAV\Downloads\foodred
ist\Food-Redistribution-Platform\frontend\[39mnode_modules\[4mjsdom[24m\lib\
jsdom\living\events\EventTarget-impl.js:233:9[90m)[39m
Error: Uncaught [ReferenceError: mockNavigate is not defined]
    at reportException (C:\Users\KESHAV\Downloads\foodredist\Food-Redistributio
n-Platform\frontend\node_modules\jsdom\lib\jsdom\living\helpers\runtime-script-
errors.js:66:24)
    at innerInvokeEventListeners (C:\Users\KESHAV\Downloads\foodredist\Food-Red
istribution-Platform\frontend\node_modules\jsdom\lib\jsdom\living\events\EventT
arget-impl.js:353:9)
    at invokeEventListeners (C:\Users\KESHAV\Downloads\foodredist\Food-Redistri
bution-Platform\frontend\node_modules\jsdom\lib\jsdom\living\events\EventTarget
-impl.js:286:3)
 [32mΓ£ô[39m src/__tests__/pages/dashboard/Notifications.test.tsx[2m > [22mNotifications - User Notifications[2m > [22mshould render notifications page
 [32mΓ£ô[39m src/__tests__/pages/dashboard/Notifications.test.tsx[2m > [22mNotifications - User Notifications[2m > [22mshould display list of notifications
 [32mΓ£ô[39m src/__tests__/pages/dashboard/Notifications.test.tsx[2m > [22mNotifications - User Notifications[2m > [22mshould show unread notification indicator
    at HTMLUnknownElementImpl._dispatch (C:\Users\KESHAV\Downloads\foodredist\F
ood-Redistribution-Platform\frontend\node_modules\jsdom\lib\jsdom\living\events
\EventTarget-impl.js:233:9)
    at HTMLUnknownElementImpl.dispatchEvent (C:\Users\KESHAV\Downloads\foodredi
st\Food-Redistribution-Platform\frontend\node_modules\jsdom\lib\jsdom\living\ev
ents\EventTarget-impl.js:104:17)
    at HTMLUnknownElement.dispatchEvent (C:\Users\KESHAV\Downloads\foodredist\F
ood-Redistribution-Platform\frontend\node_modules\jsdom\lib\jsdom\living\genera
ted\EventTarget.js:241:34)
 [32mΓ£ô[39m src/__tests__/pages/dashboard/Notifications.test.tsx[2m > [22mNotifications - User Notifications[2m > [22mshould allow marking notifications as read
 [32mΓ£ô[39m src/__tests__/pages/dashboard/Notifications.test.tsx[2m > [22mNotifications - User Notifications[2m > [22mshould render without crashing
    at Object.invokeGuardedCallbackDev (C:\Users\KESHAV\Downloads\foodredist\Fo
od-Redistribution-Platform\frontend\node_modules\react-dom\cjs\react-dom.develo
pment.js:4213:16)
    at invokeGuardedCallback (C:\Users\KESHAV\Downloads\foodredist\Food-Redistr
ibution-Platform\frontend\node_modules\react-dom\cjs\react-dom.development.js:4
277:31)
    at beginWork$1 (C:\Users\KESHAV\Downloads\foodredist\Food-Redistribution-Pl
atform\frontend\node_modules\react-dom\cjs\react-dom.development.js:27490:7)
    at performUnitOfWork (C:\Users\KESHAV\Downloads\foodredist\Food-Redistribut
ion-Platform\frontend\node_modules\react-dom\cjs\react-dom.development.js:26599
:12) ReferenceError: mockNavigate is not defined
    at Proxy.useNavigate [90m(C:\Users\KESHAV\Downloads\foodredist\Food-Redist
ribution-Platform\frontend\[39msrc\__tests__\pages\Login.test.tsx:17:26[90m)
[39m
    at Login [90m(C:\Users\KESHAV\Downloads\foodredist\Food-Redistribution-Pla
tform\frontend\[39msrc\pages\Login.tsx:11:20[90m)[39m
    at renderWithHooks [90m(C:\Users\KESHAV\Downloads\foodredist\Food-Redistri
bution-Platform\frontend\[39mnode_modules\[4mreact-dom[24m\cjs\react-dom.dev
elopment.js:15486:18[90m)[39m
    at mountIndeterminateComponent [90m(C:\Users\KESHAV\Downloads\foodredist\F
ood-Redistribution-Platform\frontend\[39mnode_modules\[4mreact-dom[24m\cjs\r
eact-dom.development.js:20103:13[90m)[39m
    at beginWork [90m(C:\Users\KESHAV\Downloads\foodredist\Food-Redistribution
-Platform\frontend\[39mnode_modules\[4mreact-dom[24m\cjs\react-dom.developme
nt.js:21626:16[90m)[39m
    at HTMLUnknownElement.callCallback [90m(C:\Users\KESHAV\Downloads\foodredi
st\Food-Redistribution-Platform\frontend\[39mnode_modules\[4mreact-dom[24m\c
js\react-dom.development.js:4164:14[90m)[39m
    at HTMLUnknownElement.callTheUserObjectsOperation [90m(C:\Users\KESHAV\Dow
nloads\foodredist\Food-Redistribution-Platform\frontend\[39mnode_modules\[4mj
sdom[24m\lib\jsdom\living\generated\EventListener.js:26:30[90m)[39m
    at innerInvokeEventListeners [90m(C:\Users\KESHAV\Downloads\foodredist\Foo
d-Redistribution-Platform\frontend\[39mnode_modules\[4mjsdom[24m\lib\jsdom\l
iving\events\EventTarget-impl.js:350:25[90m)[39m
    at invokeEventListeners [90m(C:\Users\KESHAV\Downloads\foodredist\Food-Red
istribution-Platform\frontend\[39mnode_modules\[4mjsdom[24m\lib\jsdom\living
\events\EventTarget-impl.js:286:3[90m)[39m
    at HTMLUnknownElementImpl._dispatch [90m(C:\Users\KESHAV\Downloads\foodred
ist\Food-Redistribution-Platform\frontend\[39mnode_modules\[4mjsdom[24m\lib\
jsdom\living\events\EventTarget-impl.js:233:9[90m)[39m
The above error occurred in the <Login> component:

    at Login (C:\Users\KESHAV\Downloads\foodredist\Food-Redistribution-Platform
\frontend\src\pages\Login.tsx:12:51)

Consider adding an error boundary to your tree to customize error handling 
behavior.
Visit https://reactjs.org/link/error-boundaries to learn more about error 
boundaries.

[90mstderr[2m | src/__tests__/pages/dashboard/Notifications.test.tsx[2m > 
[22m[2mNotifications - User Notifications[2m > [22m[2mshould render 
notifications page[22m[39m
Warning: An update to Notifications inside a test was not wrapped in act(...).

When testing, code that causes React state updates should be wrapped into 
act(...):

act(() => {
  /* fire events that update state */
});
/* assert on the output */

This ensures that you're testing the behavior the user would see in the 
browser. Learn more at https://reactjs.org/link/wrap-tests-with-act
    at Notifications (C:\Users\KESHAV\Downloads\foodredist\Food-Redistribution-
Platform\frontend\src\pages\dashboard\Notifications.tsx:10:67)

[90mstderr[2m | src/__tests__/pages/dashboard/Notifications.test.tsx[2m > 
[22m[2mNotifications - User Notifications[2m > [22m[2mshould display list 
of notifications[22m[39m
Warning: An update to Notifications inside a test was not wrapped in act(...).

When testing, code that causes React state updates should be wrapped into 
act(...):

act(() => {
  /* fire events that update state */
});
/* assert on the output */

This ensures that you're testing the behavior the user would see in the 
browser. Learn more at https://reactjs.org/link/wrap-tests-with-act
    at Notifications (C:\Users\KESHAV\Downloads\foodredist\Food-Redistribution-
Platform\frontend\src\pages\dashboard\Notifications.tsx:10:67)

[90mstderr[2m | src/__tests__/pages/dashboard/Notifications.test.tsx[2m > 
[22m[2mNotifications - User Notifications[2m > [22m[2mshould show unread 
notification indicator[22m[39m
Warning: An update to Notifications inside a test was not wrapped in act(...).

When testing, code that causes React state updates should be wrapped into 
act(...):

act(() => {
  /* fire events that update state */
});
/* assert on the output */

This ensures that you're testing the behavior the user would see in the 
browser. Learn more at https://reactjs.org/link/wrap-tests-with-act
    at Notifications (C:\Users\KESHAV\Downloads\foodredist\Food-Redistribution-
Platform\frontend\src\pages\dashboard\Notifications.tsx:10:67)

[90mstderr[2m | src/__tests__/pages/dashboard/Notifications.test.tsx[2m > 
[22m[2mNotifications - User Notifications[2m > [22m[2mshould allow 
marking notifications as read[22m[39m
Warning: An update to Notifications inside a test was not wrapped in act(...).

When testing, code that causes React state updates should be wrapped into 
act(...):

act(() => {
  /* fire events that update state */
});
/* assert on the output */

This ensures that you're testing the behavior the user would see in the 
browser. Learn more at https://reactjs.org/link/wrap-tests-with-act
    at Notifications (C:\Users\KESHAV\Downloads\foodredist\Food-Redistribution-
Platform\frontend\src\pages\dashboard\Notifications.tsx:10:67)

[90mstderr[2m | src/__tests__/pages/dashboard/Notifications.test.tsx[2m > 
[22m[2mNotifications - User Notifications[2m > [22m[2mshould render 
without crashing[22m[39m
Warning: An update to Notifications inside a test was not wrapped in act(...).

When testing, code that causes React state updates should be wrapped into 
act(...):

act(() => {
  /* fire events that update state */
});
/* assert on the output */

This ensures that you're testing the behavior the user would see in the 
browser. Learn more at https://reactjs.org/link/wrap-tests-with-act
    at Notifications (C:\Users\KESHAV\Downloads\foodredist\Food-Redistribution-
Platform\frontend\src\pages\dashboard\Notifications.tsx:10:67)

[90mstderr[2m | 
src/__tests__/pages/dashboard/VolunteerDashboard.test.tsx[2m > 
[22m[2mVolunteerDashboard - Volunteer Task Management[2m > [22m[2mshould 
render volunteer dashboard[22m[39m
Warning: An update to VolunteerDashboard inside a test was not wrapped in 
act(...).

When testing, code that causes React state updates should be wrapped into 
act(...):

act(() => {
  /* fire events that update state */
});
/* assert on the output */

This ensures that you're testing the behavior the user would see in the 
browser. Learn more at https://reactjs.org/link/wrap-tests-with-act
    at VolunteerDashboard (C:\Users\KESHAV\Downloads\foodredist\Food-Redistribu
tion-Platform\frontend\src\pages\dashboard\VolunteerDashboard.tsx:10:59)
Warning: An update to VolunteerDashboard inside a test was not wrapped in 
act(...).

When testing, code that causes React state updates should be wrapped into 
act(...):
 [32mΓ£ô[39m src/__tests__/pages/dashboard/VolunteerDashboard.test.tsx[2m > [22mVolunteerDashboard - Volunteer Task Management[2m > [22mshould render volunteer dashboard
 [32mΓ£ô[39m src/__tests__/pages/dashboard/VolunteerDashboard.test.tsx[2m > [22mVolunteerDashboard - Volunteer Task Management[2m > [22mshould display assigned pickup tasks
 [32mΓ£ô[39m src/__tests__/pages/dashboard/VolunteerDashboard.test.tsx[2m > [22mVolunteerDashboard - Volunteer Task Management[2m > [22mshould show task locations and details
 [32mΓ£ô[39m src/__tests__/pages/dashboard/VolunteerDashboard.test.tsx[2m > [22mVolunteerDashboard - Volunteer Task Management[2m > [22mshould allow updating task status

act(() => {
  /* fire events that update state */
 [32mΓ£ô[39m src/__tests__/pages/dashboard/VolunteerDashboard.test.tsx[2m > [22mVolunteerDashboard - Volunteer Task Management[2m > [22mshould render without crashing
});
/* assert on the output */

This ensures that you're testing the behavior the user would see in the 
browser. Learn more at https://reactjs.org/link/wrap-tests-with-act
    at VolunteerDashboard (C:\Users\KESHAV\Downloads\foodredist\Food-Redistribu
tion-Platform\frontend\src\pages\dashboard\VolunteerDashboard.tsx:10:59)

[90mstderr[2m | 
src/__tests__/pages/dashboard/VolunteerDashboard.test.tsx[2m > 
[22m[2mVolunteerDashboard - Volunteer Task Management[2m > [22m[2mshould 
display assigned pickup tasks[22m[39m
Warning: An update to VolunteerDashboard inside a test was not wrapped in 
act(...).

When testing, code that causes React state updates should be wrapped into 
act(...):

act(() => {
  /* fire events that update state */
});
/* assert on the output */

This ensures that you're testing the behavior the user would see in the 
browser. Learn more at https://reactjs.org/link/wrap-tests-with-act
    at VolunteerDashboard (C:\Users\KESHAV\Downloads\foodredist\Food-Redistribu
tion-Platform\frontend\src\pages\dashboard\VolunteerDashboard.tsx:10:59)
Warning: An update to VolunteerDashboard inside a test was not wrapped in 
act(...).

When testing, code that causes React state updates should be wrapped into 
act(...):

act(() => {
  /* fire events that update state */
});
/* assert on the output */

This ensures that you're testing the behavior the user would see in the 
browser. Learn more at https://reactjs.org/link/wrap-tests-with-act
    at VolunteerDashboard (C:\Users\KESHAV\Downloads\foodredist\Food-Redistribu
tion-Platform\frontend\src\pages\dashboard\VolunteerDashboard.tsx:10:59)

[90mstderr[2m | 
src/__tests__/pages/dashboard/VolunteerDashboard.test.tsx[2m > 
[22m[2mVolunteerDashboard - Volunteer Task Management[2m > [22m[2mshould 
show task locations and details[22m[39m
Warning: An update to VolunteerDashboard inside a test was not wrapped in 
act(...).

When testing, code that causes React state updates should be wrapped into 
act(...):

act(() => {
  /* fire events that update state */
});
/* assert on the output */

This ensures that you're testing the behavior the user would see in the 
browser. Learn more at https://reactjs.org/link/wrap-tests-with-act
    at VolunteerDashboard (C:\Users\KESHAV\Downloads\foodredist\Food-Redistribu
tion-Platform\frontend\src\pages\dashboard\VolunteerDashboard.tsx:10:59)
Warning: An update to VolunteerDashboard inside a test was not wrapped in 
act(...).

When testing, code that causes React state updates should be wrapped into 
act(...):

act(() => {
  /* fire events that update state */
});
/* assert on the output */

This ensures that you're testing the behavior the user would see in the 
browser. Learn more at https://reactjs.org/link/wrap-tests-with-act
    at VolunteerDashboard (C:\Users\KESHAV\Downloads\foodredist\Food-Redistribu
tion-Platform\frontend\src\pages\dashboard\VolunteerDashboard.tsx:10:59)

[90mstderr[2m | 
src/__tests__/pages/dashboard/VolunteerDashboard.test.tsx[2m > 
[22m[2mVolunteerDashboard - Volunteer Task Management[2m > [22m[2mshould 
allow updating task status[22m[39m
Warning: An update to VolunteerDashboard inside a test was not wrapped in 
act(...).

When testing, code that causes React state updates should be wrapped into 
act(...):

act(() => {
  /* fire events that update state */
});
/* assert on the output */

This ensures that you're testing the behavior the user would see in the 
browser. Learn more at https://reactjs.org/link/wrap-tests-with-act
    at VolunteerDashboard (C:\Users\KESHAV\Downloads\foodredist\Food-Redistribu
tion-Platform\frontend\src\pages\dashboard\VolunteerDashboard.tsx:10:59)
Warning: An update to VolunteerDashboard inside a test was not wrapped in 
act(...).

When testing, code that causes React state updates should be wrapped into 
act(...):

act(() => {
  /* fire events that update state */
});
/* assert on the output */

This ensures that you're testing the behavior the user would see in the 
browser. Learn more at https://reactjs.org/link/wrap-tests-with-act
    at VolunteerDashboard (C:\Users\KESHAV\Downloads\foodredist\Food-Redistribu
tion-Platform\frontend\src\pages\dashboard\VolunteerDashboard.tsx:10:59)

[90mstderr[2m | 
src/__tests__/pages/dashboard/VolunteerDashboard.test.tsx[2m > 
[22m[2mVolunteerDashboard - Volunteer Task Management[2m > [22m[2mshould 
render without crashing[22m[39m
Warning: An update to VolunteerDashboard inside a test was not wrapped in 
act(...).

When testing, code that causes React state updates should be wrapped into 
act(...):

act(() => {
  /* fire events that update state */
});
/* assert on the output */

This ensures that you're testing the behavior the user would see in the 
browser. Learn more at https://reactjs.org/link/wrap-tests-with-act
    at VolunteerDashboard (C:\Users\KESHAV\Downloads\foodredist\Food-Redistribu
tion-Platform\frontend\src\pages\dashboard\VolunteerDashboard.tsx:10:59)
Warning: An update to VolunteerDashboard inside a test was not wrapped in 
act(...).

When testing, code that causes React state updates should be wrapped into 
act(...):

act(() => {
  /* fire events that update state */
});
/* assert on the output */

This ensures that you're testing the behavior the user would see in the 
browser. Learn more at https://reactjs.org/link/wrap-tests-with-act
    at VolunteerDashboard (C:\Users\KESHAV\Downloads\foodredist\Food-Redistribu
tion-Platform\frontend\src\pages\dashboard\VolunteerDashboard.tsx:10:59)

[90mstderr[2m | src/__tests__/pages/dashboard/Profile.test.tsx[2m > 
[22m[2mProfile - User Profile Management[2m > [22m[2mshould render 
profile page[22m[39m
Warning: An update to Profile inside a test was not wrapped in act(...).

When testing, code that causes React state updates should be wrapped into 
act(...):

act(() => {
  /* fire events that update state */
});
/* assert on the output */

This ensures that you're testing the behavior the user would see in the 
browser. Learn more at https://reactjs.org/link/wrap-tests-with-act
    at Profile (C:\Users\KESHAV\Downloads\foodredist\Food-Redistribution-Platfo
rm\frontend\src\pages\dashboard\Profile.tsx:10:49)
Warning: An update to Profile inside a test was not wrapped in act(...).

When testing, code that causes React state updates should be wrapped into 
act(...):

act(() => {
  /* fire events that update state */
});
/* assert on the output */

This ensures that you're testing the behavior the user would see in the 
browser. Learn more at https://reactjs.org/link/wrap-tests-with-act
    at Profile (C:\Users\KESHAV\Downloads\foodredist\Food-Redistribution-Platfo
rm\frontend\src\pages\dashboard\Profile.tsx:10:49)
Warning: An update to Profile inside a test was not wrapped in act(...).

When testing, code that causes React state updates should be wrapped into 
act(...):

act(() => {
  /* fire events that update state */
});
/* assert on the output */

This ensures that you're testing the behavior the user would see in the 
browser. Learn more at https://reactjs.org/link/wrap-tests-with-act
    at Profile (C:\Users\KESHAV\Downloads\foodredist\Food-Redistribution-Platfo
rm\frontend\src\pages\dashboard\Profile.tsx:10:49)

[90mstderr[2m | src/__tests__/pages/dashboard/Profile.test.tsx[2m > 
[22m[2mProfile - User Profile Management[2m > [22m[2mshould display user 
information (name, email, phone)[22m[39m
Warning: An update to Profile inside a test was not wrapped in act(...).

When testing, code that causes React state updates should be wrapped into 
act(...):

act(() => {
  /* fire events that update state */
});
/* assert on the output */

This ensures that you're testing the behavior the user would see in the 
browser. Learn more at https://reactjs.org/link/wrap-tests-with-act
    at Profile (C:\Users\KESHAV\Downloads\foodredist\Food-Redistribution-Platfo
rm\frontend\src\pages\dashboard\Profile.tsx:10:49)
Warning: An update to Profile inside a test was not wrapped in act(...).

When testing, code that causes React state updates should be wrapped into 
act(...):

act(() => {
  /* fire events that update state */
});
/* assert on the output */

This ensures that you're testing the behavior the user would see in the 
browser. Learn more at https://reactjs.org/link/wrap-tests-with-act
    at Profile (C:\Users\KESHAV\Downloads\foodredist\Food-Redistribution-Platfo
rm\frontend\src\pages\dashboard\Profile.tsx:10:49)
Warning: An update to Profile inside a test was not wrapped in act(...).
 [32mΓ£ô[39m src/__tests__/pages/dashboard/Profile.test.tsx[2m > [22mProfile - User Profile Management[2m > [22mshould render profile page
 [32mΓ£ô[39m src/__tests__/pages/dashboard/Profile.test.tsx[2m > [22mProfile - User Profile Management[2m > [22mshould display user information (name, email, phone)
 [32mΓ£ô[39m src/__tests__/pages/dashboard/Profile.test.tsx[2m > [22mProfile - User Profile Management[2m > [22mshould have edit profile form
 [31m├ù[39m src/__tests__/pages/dashboard/Profile.test.tsx[2m > [22mProfile - User Profile Management[2m > [22mshould have save profile button
[31m   ΓåÆ expected false to be truthy[39m
 [32mΓ£ô[39m src/__tests__/pages/dashboard/Profile.test.tsx[2m > [22mProfile - User Profile Management[2m > [22mshould render without crashing

When testing, code that causes React state updates should be wrapped into 
act(...):

act(() => {
  /* fire events that update state */
});
/* assert on the output */

This ensures that you're testing the behavior the user would see in the 
browser. Learn more at https://reactjs.org/link/wrap-tests-with-act
    at Profile (C:\Users\KESHAV\Downloads\foodredist\Food-Redistribution-Platfo
rm\frontend\src\pages\dashboard\Profile.tsx:10:49)

[90mstderr[2m | src/__tests__/pages/dashboard/Profile.test.tsx[2m > 
[22m[2mProfile - User Profile Management[2m > [22m[2mshould have edit 
profile form[22m[39m
Warning: An update to Profile inside a test was not wrapped in act(...).

When testing, code that causes React state updates should be wrapped into 
act(...):

act(() => {
  /* fire events that update state */
});
/* assert on the output */

This ensures that you're testing the behavior the user would see in the 
browser. Learn more at https://reactjs.org/link/wrap-tests-with-act
    at Profile (C:\Users\KESHAV\Downloads\foodredist\Food-Redistribution-Platfo
rm\frontend\src\pages\dashboard\Profile.tsx:10:49)
Warning: An update to Profile inside a test was not wrapped in act(...).

When testing, code that causes React state updates should be wrapped into 
act(...):

act(() => {
  /* fire events that update state */
});
/* assert on the output */

This ensures that you're testing the behavior the user would see in the 
browser. Learn more at https://reactjs.org/link/wrap-tests-with-act
    at Profile (C:\Users\KESHAV\Downloads\foodredist\Food-Redistribution-Platfo
rm\frontend\src\pages\dashboard\Profile.tsx:10:49)
Warning: An update to Profile inside a test was not wrapped in act(...).

When testing, code that causes React state updates should be wrapped into 
act(...):

act(() => {
  /* fire events that update state */
});
/* assert on the output */

This ensures that you're testing the behavior the user would see in the 
browser. Learn more at https://reactjs.org/link/wrap-tests-with-act
    at Profile (C:\Users\KESHAV\Downloads\foodredist\Food-Redistribution-Platfo
rm\frontend\src\pages\dashboard\Profile.tsx:10:49)

[90mstderr[2m | src/__tests__/pages/dashboard/Profile.test.tsx[2m > 
[22m[2mProfile - User Profile Management[2m > [22m[2mshould render 
without crashing[22m[39m
Warning: An update to Profile inside a test was not wrapped in act(...).

When testing, code that causes React state updates should be wrapped into 
act(...):

act(() => {
  /* fire events that update state */
});
/* assert on the output */

This ensures that you're testing the behavior the user would see in the 
browser. Learn more at https://reactjs.org/link/wrap-tests-with-act
    at Profile (C:\Users\KESHAV\Downloads\foodredist\Food-Redistribution-Platfo
rm\frontend\src\pages\dashboard\Profile.tsx:10:49)
Warning: An update to Profile inside a test was not wrapped in act(...).

When testing, code that causes React state updates should be wrapped into 
act(...):

act(() => {
  /* fire events that update state */
});
/* assert on the output */

This ensures that you're testing the behavior the user would see in the 
browser. Learn more at https://reactjs.org/link/wrap-tests-with-act
    at Profile (C:\Users\KESHAV\Downloads\foodredist\Food-Redistribution-Platfo
rm\frontend\src\pages\dashboard\Profile.tsx:10:49)
Warning: An update to Profile inside a test was not wrapped in act(...).

When testing, code that causes React state updates should be wrapped into 
act(...):

act(() => {
  /* fire events that update state */
});
/* assert on the output */

This ensures that you're testing the behavior the user would see in the 
browser. Learn more at https://reactjs.org/link/wrap-tests-with-act
    at Profile (C:\Users\KESHAV\Downloads\foodredist\Food-Redistribution-Platfo
rm\frontend\src\pages\dashboard\Profile.tsx:10:49)

 [32mΓ£ô[39m src/__tests__/pages/dashboard/DonorHome.test.tsx[2m > [22mDonorHome - Donor Dashboard[2m > [22mshould render donor dashboard
 [32mΓ£ô[39m src/__tests__/pages/dashboard/DonorHome.test.tsx[2m > [22mDonorHome - Donor Dashboard[2m > [22mshould display welcome message with donor name
 [32mΓ£ô[39m src/__tests__/pages/dashboard/DonorHome.test.tsx[2m > [22mDonorHome - Donor Dashboard[2m > [22mshould show status cards for donations (Active, Claimed, Delivered)
 [32mΓ£ô[39m src/__tests__/pages/dashboard/DonorHome.test.tsx[2m > [22mDonorHome - Donor Dashboard[2m > [22mshould display color-coded badges for donation status
 [32mΓ£ô[39m src/__tests__/pages/dashboard/DonorHome.test.tsx[2m > [22mDonorHome - Donor Dashboard[2m > [22mshould have Add Food button link
 [32mΓ£ô[39m src/__tests__/pages/dashboard/DonorHome.test.tsx[2m > [22mDonorHome - Donor Dashboard[2m > [22mshould render without errors
[90mstderr[2m | src/__tests__/pages/dashboard/DonorHome.test.tsx[2m > 
[22m[2mDonorHome - Donor Dashboard[2m > [22m[2mshould render donor 
dashboard[22m[39m
Warning: An update to DonorHome inside a test was not wrapped in act(...).

When testing, code that causes React state updates should be wrapped into 
act(...):

act(() => {
  /* fire events that update state */
});
/* assert on the output */

This ensures that you're testing the behavior the user would see in the 
browser. Learn more at https://reactjs.org/link/wrap-tests-with-act
 [32mΓ£ô[39m src/__tests__/pages/dashboard/AddFood.test.tsx[2m > [22mAddFood - Food Donation Form[2m > [22mshould render food donation form
 [32mΓ£ô[39m src/__tests__/pages/dashboard/AddFood.test.tsx[2m > [22mAddFood - Food Donation Form[2m > [22mshould display food type selection options
 [32mΓ£ô[39m src/__tests__/pages/dashboard/AddFood.test.tsx[2m > [22mAddFood - Food Donation Form[2m > [22mshould have quantity and unit input fields
 [32mΓ£ô[39m src/__tests__/pages/dashboard/AddFood.test.tsx[2m > [22mAddFood - Food Donation Form[2m > [22mshould include hygiene checklist checkboxes
 [32mΓ£ô[39m src/__tests__/pages/dashboard/AddFood.test.tsx[2m > [22mAddFood - Food Donation Form[2m > [22mshould have map for location selection
 [32mΓ£ô[39m src/__tests__/pages/dashboard/AddFood.test.tsx[2m > [22mAddFood - Food Donation Form[2m > [22mshould have image upload input for food photos
 [32mΓ£ô[39m src/__tests__/pages/dashboard/AddFood.test.tsx[2m > [22mAddFood - Food Donation Form[2m > [22mshould render without crashing
    at DonorHome (C:\Users\KESHAV\Downloads\foodredist\Food-Redistribution-Plat
form\frontend\src\pages\dashboard\DonorHome.tsx:12:59)
Warning: An update to DonorHome inside a test was not wrapped in act(...).

When testing, code that causes React state updates should be wrapped into 
act(...):

act(() => {
  /* fire events that update state */
});
/* assert on the output */

This ensures that you're testing the behavior the user would see in the 
browser. Learn more at https://reactjs.org/link/wrap-tests-with-act
    at DonorHome (C:\Users\KESHAV\Downloads\foodredist\Food-Redistribution-Plat
form\frontend\src\pages\dashboard\DonorHome.tsx:12:59)

[90mstderr[2m | src/__tests__/pages/dashboard/DonorHome.test.tsx[2m > 
[22m[2mDonorHome - Donor Dashboard[2m > [22m[2mshould display welcome 
message with donor name[22m[39m
Warning: An update to DonorHome inside a test was not wrapped in act(...).

When testing, code that causes React state updates should be wrapped into 
act(...):

act(() => {
  /* fire events that update state */
});
/* assert on the output */

This ensures that you're testing the behavior the user would see in the 
browser. Learn more at https://reactjs.org/link/wrap-tests-with-act
    at DonorHome (C:\Users\KESHAV\Downloads\foodredist\Food-Redistribution-Plat
form\frontend\src\pages\dashboard\DonorHome.tsx:12:59)
Warning: An update to DonorHome inside a test was not wrapped in act(...).

When testing, code that causes React state updates should be wrapped into 
act(...):

act(() => {
  /* fire events that update state */
});
/* assert on the output */

This ensures that you're testing the behavior the user would see in the 
browser. Learn more at https://reactjs.org/link/wrap-tests-with-act
    at DonorHome (C:\Users\KESHAV\Downloads\foodredist\Food-Redistribution-Plat
form\frontend\src\pages\dashboard\DonorHome.tsx:12:59)

[90mstderr[2m | src/__tests__/pages/dashboard/DonorHome.test.tsx[2m > 
[22m[2mDonorHome - Donor Dashboard[2m > [22m[2mshould show status cards 
for donations (Active, Claimed, Delivered)[22m[39m
Warning: An update to DonorHome inside a test was not wrapped in act(...).

When testing, code that causes React state updates should be wrapped into 
act(...):

act(() => {
  /* fire events that update state */
});
/* assert on the output */

This ensures that you're testing the behavior the user would see in the 
browser. Learn more at https://reactjs.org/link/wrap-tests-with-act
    at DonorHome (C:\Users\KESHAV\Downloads\foodredist\Food-Redistribution-Plat
form\frontend\src\pages\dashboard\DonorHome.tsx:12:59)
Warning: An update to DonorHome inside a test was not wrapped in act(...).

When testing, code that causes React state updates should be wrapped into 
act(...):

act(() => {
  /* fire events that update state */
});
/* assert on the output */

This ensures that you're testing the behavior the user would see in the 
browser. Learn more at https://reactjs.org/link/wrap-tests-with-act
    at DonorHome (C:\Users\KESHAV\Downloads\foodredist\Food-Redistribution-Plat
form\frontend\src\pages\dashboard\DonorHome.tsx:12:59)

[90mstderr[2m | src/__tests__/pages/dashboard/DonorHome.test.tsx[2m > 
[22m[2mDonorHome - Donor Dashboard[2m > [22m[2mshould display color-coded 
badges for donation status[22m[39m
Warning: An update to DonorHome inside a test was not wrapped in act(...).

When testing, code that causes React state updates should be wrapped into 
act(...):

act(() => {
  /* fire events that update state */
});
/* assert on the output */

This ensures that you're testing the behavior the user would see in the 
browser. Learn more at https://reactjs.org/link/wrap-tests-with-act
    at DonorHome (C:\Users\KESHAV\Downloads\foodredist\Food-Redistribution-Plat
form\frontend\src\pages\dashboard\DonorHome.tsx:12:59)
Warning: An update to DonorHome inside a test was not wrapped in act(...).

When testing, code that causes React state updates should be wrapped into 
act(...):

act(() => {
  /* fire events that update state */
});
/* assert on the output */

This ensures that you're testing the behavior the user would see in the 
browser. Learn more at https://reactjs.org/link/wrap-tests-with-act
    at DonorHome (C:\Users\KESHAV\Downloads\foodredist\Food-Redistribution-Plat
form\frontend\src\pages\dashboard\DonorHome.tsx:12:59)

[90mstderr[2m | src/__tests__/pages/dashboard/DonorHome.test.tsx[2m > 
[22m[2mDonorHome - Donor Dashboard[2m > [22m[2mshould have Add Food 
button link[22m[39m
Warning: An update to DonorHome inside a test was not wrapped in act(...).

When testing, code that causes React state updates should be wrapped into 
act(...):

act(() => {
  /* fire events that update state */
});
/* assert on the output */

This ensures that you're testing the behavior the user would see in the 
browser. Learn more at https://reactjs.org/link/wrap-tests-with-act
    at DonorHome (C:\Users\KESHAV\Downloads\foodredist\Food-Redistribution-Plat
form\frontend\src\pages\dashboard\DonorHome.tsx:12:59)
Warning: An update to DonorHome inside a test was not wrapped in act(...).

When testing, code that causes React state updates should be wrapped into 
act(...):

act(() => {
  /* fire events that update state */
});
/* assert on the output */

This ensures that you're testing the behavior the user would see in the 
browser. Learn more at https://reactjs.org/link/wrap-tests-with-act
    at DonorHome (C:\Users\KESHAV\Downloads\foodredist\Food-Redistribution-Plat
form\frontend\src\pages\dashboard\DonorHome.tsx:12:59)

[90mstderr[2m | src/__tests__/pages/dashboard/DonorHome.test.tsx[2m > 
[22m[2mDonorHome - Donor Dashboard[2m > [22m[2mshould render without 
errors[22m[39m
Warning: An update to DonorHome inside a test was not wrapped in act(...).

When testing, code that causes React state updates should be wrapped into 
act(...):

act(() => {
  /* fire events that update state */
});
/* assert on the output */

This ensures that you're testing the behavior the user would see in the 
browser. Learn more at https://reactjs.org/link/wrap-tests-with-act
    at DonorHome (C:\Users\KESHAV\Downloads\foodredist\Food-Redistribution-Plat
form\frontend\src\pages\dashboard\DonorHome.tsx:12:59)
Warning: An update to DonorHome inside a test was not wrapped in act(...).

When testing, code that causes React state updates should be wrapped into 
act(...):

act(() => {
  /* fire events that update state */
});
/* assert on the output */

This ensures that you're testing the behavior the user would see in the 
browser. Learn more at https://reactjs.org/link/wrap-tests-with-act
    at DonorHome (C:\Users\KESHAV\Downloads\foodredist\Food-Redistribution-Plat
form\frontend\src\pages\dashboard\DonorHome.tsx:12:59)

[90mstderr[2m | src/__tests__/pages/dashboard/DiscoveryMap.test.tsx[2m > 
[22m[2mDiscoveryMap - Food Location Visualization[2m > [22m[2mshould 
render map container[22m[39m
Warning: An update to DiscoveryMap inside a test was not wrapped in act(...).

When testing, code that causes React state updates should be wrapped into 
act(...):

act(() => {
  /* fire events that update state */
});
/* assert on the output */

This ensures that you're testing the behavior the user would see in the 
browser. Learn more at https://reactjs.org/link/wrap-tests-with-act
    at DiscoveryMap (C:\Users\KESHAV\Downloads\foodredist\Food-Redistribution-P
latform\frontend\src\pages\dashboard\DiscoveryMap.tsx:32:53)
Warning: An update to DiscoveryMap inside a test was not wrapped in act(...).
 [32mΓ£ô[39m src/__tests__/pages/dashboard/DiscoveryMap.test.tsx[2m > [22mDiscoveryMap - Food Location Visualization[2m > [22mshould render map container
 [32mΓ£ô[39m src/__tests__/pages/dashboard/DiscoveryMap.test.tsx[2m > [22mDiscoveryMap - Food Location Visualization[2m > [22mshould display map with location markers
 [32mΓ£ô[39m src/__tests__/pages/dashboard/DiscoveryMap.test.tsx[2m > [22mDiscoveryMap - Food Location Visualization[2m > [22mshould show food donation pins on map

When testing, code that causes React state updates should be wrapped into 
act(...):
 [32mΓ£ô[39m src/__tests__/pages/dashboard/DiscoveryMap.test.tsx[2m > [22mDiscoveryMap - Food Location Visualization[2m > [22mshould have responsive design for mobile
 [32mΓ£ô[39m src/__tests__/pages/dashboard/DiscoveryMap.test.tsx[2m > [22mDiscoveryMap - Food Location Visualization[2m > [22mshould render without crashing

 [32mΓ£ô[39m src/__tests__/pages/dashboard/DiscoveryMap.test.tsx[2m > [22mDiscoveryMap - Food Location Visualization[2m > [22mshould display donation information in popups
act(() => {
  /* fire events that update state */
 [32mΓ£ô[39m src/__tests__/layouts/DashboardLayout.test.tsx[2m > [22mDashboardLayout - Main Dashboard Structure[2m > [22mshould render dashboard layout container
 [32mΓ£ô[39m src/__tests__/layouts/DashboardLayout.test.tsx[2m > [22mDashboardLayout - Main Dashboard Structure[2m > [22mshould display sidebar with navigation links
});
/* assert on the output */
 [32mΓ£ô[39m src/__tests__/layouts/DashboardLayout.test.tsx[2m > [22mDashboardLayout - Main Dashboard Structure[2m > [22mshould have outlet for nested dashboard routes
 [32mΓ£ô[39m src/__tests__/layouts/DashboardLayout.test.tsx[2m > [22mDashboardLayout - Main Dashboard Structure[2m > [22mshould render user profile section in header
 [32mΓ£ô[39m src/__tests__/layouts/DashboardLayout.test.tsx[2m > [22mDashboardLayout - Main Dashboard Structure[2m > [22mshould render without errors

 [32mΓ£ô[39m src/__tests__/pages/Register.test.tsx[2m > [22mRegister - User Onboarding[2m > [22mshould render registration form
 [32mΓ£ô[39m src/__tests__/pages/Register.test.tsx[2m > [22mRegister - User Onboarding[2m > [22mshould display role selection cards (Donor, NGO, Volunteer)
 [32mΓ£ô[39m src/__tests__/pages/Register.test.tsx[2m > [22mRegister - User Onboarding[2m > [22mshould have email, password, and phone input fields
This ensures that you're testing the behavior the user would see in the 
browser. Learn more at https://reactjs.org/link/wrap-tests-with-act
    at DiscoveryMap (C:\Users\KESHAV\Downloads\foodredist\Food-Redistribution-P
latform\frontend\src\pages\dashboard\DiscoveryMap.tsx:32:53)

[90mstderr[2m | src/__tests__/pages/dashboard/DiscoveryMap.test.tsx[2m > 
[22m[2mDiscoveryMap - Food Location Visualization[2m > [22m[2mshould 
display map with location markers[22m[39m
 [32mΓ£ô[39m src/__tests__/pages/Register.test.tsx[2m > [22mRegister - User Onboarding[2m > [22mshould show organization fields for donor and NGO roles
 [32mΓ£ô[39m src/__tests__/pages/Register.test.tsx[2m > [22mRegister - User Onboarding[2m > [22mshould have submit button for registration
 [32mΓ£ô[39m src/__tests__/pages/Register.test.tsx[2m > [22mRegister - User Onboarding[2m > [22mshould render without crashing
Warning: An update to DiscoveryMap inside a test was not wrapped in act(...).

When testing, code that causes React state updates should be wrapped into 
act(...):

act(() => {
  /* fire events that update state */
});
/* assert on the output */

This ensures that you're testing the behavior the user would see in the 
browser. Learn more at https://reactjs.org/link/wrap-tests-with-act
    at DiscoveryMap (C:\Users\KESHAV\Downloads\foodredist\Food-Redistribution-P
latform\frontend\src\pages\dashboard\DiscoveryMap.tsx:32:53)
Warning: An update to DiscoveryMap inside a test was not wrapped in act(...).

When testing, code that causes React state updates should be wrapped into 
act(...):

act(() => {
  /* fire events that update state */
});
/* assert on the output */

This ensures that you're testing the behavior the user would see in the 
browser. Learn more at https://reactjs.org/link/wrap-tests-with-act
    at DiscoveryMap (C:\Users\KESHAV\Downloads\foodredist\Food-Redistribution-P
latform\frontend\src\pages\dashboard\DiscoveryMap.tsx:32:53)

[90mstderr[2m | src/__tests__/pages/dashboard/DiscoveryMap.test.tsx[2m > 
[22m[2mDiscoveryMap - Food Location Visualization[2m > [22m[2mshould show 
food donation pins on map[22m[39m
Warning: An update to DiscoveryMap inside a test was not wrapped in act(...).

When testing, code that causes React state updates should be wrapped into 
act(...):

act(() => {
  /* fire events that update state */
});
/* assert on the output */

This ensures that you're testing the behavior the user would see in the 
browser. Learn more at https://reactjs.org/link/wrap-tests-with-act
    at DiscoveryMap (C:\Users\KESHAV\Downloads\foodredist\Food-Redistribution-P
latform\frontend\src\pages\dashboard\DiscoveryMap.tsx:32:53)
Warning: An update to DiscoveryMap inside a test was not wrapped in act(...).

When testing, code that causes React state updates should be wrapped into 
act(...):

act(() => {
  /* fire events that update state */
});
/* assert on the output */

This ensures that you're testing the behavior the user would see in the 
browser. Learn more at https://reactjs.org/link/wrap-tests-with-act
    at DiscoveryMap (C:\Users\KESHAV\Downloads\foodredist\Food-Redistribution-P
latform\frontend\src\pages\dashboard\DiscoveryMap.tsx:32:53)

[90mstderr[2m | src/__tests__/pages/dashboard/DiscoveryMap.test.tsx[2m > 
[22m[2mDiscoveryMap - Food Location Visualization[2m > [22m[2mshould have 
responsive design for mobile[22m[39m
Warning: An update to DiscoveryMap inside a test was not wrapped in act(...).

When testing, code that causes React state updates should be wrapped into 
act(...):

act(() => {
  /* fire events that update state */
});
/* assert on the output */

This ensures that you're testing the behavior the user would see in the 
browser. Learn more at https://reactjs.org/link/wrap-tests-with-act
    at DiscoveryMap (C:\Users\KESHAV\Downloads\foodredist\Food-Redistribution-P
latform\frontend\src\pages\dashboard\DiscoveryMap.tsx:32:53)
Warning: An update to DiscoveryMap inside a test was not wrapped in act(...).

When testing, code that causes React state updates should be wrapped into 
act(...):

act(() => {
  /* fire events that update state */
});
/* assert on the output */

This ensures that you're testing the behavior the user would see in the 
browser. Learn more at https://reactjs.org/link/wrap-tests-with-act
    at DiscoveryMap (C:\Users\KESHAV\Downloads\foodredist\Food-Redistribution-P
latform\frontend\src\pages\dashboard\DiscoveryMap.tsx:32:53)

[90mstderr[2m | src/__tests__/pages/dashboard/DiscoveryMap.test.tsx[2m > 
[22m[2mDiscoveryMap - Food Location Visualization[2m > [22m[2mshould 
render without crashing[22m[39m
Warning: An update to DiscoveryMap inside a test was not wrapped in act(...).

When testing, code that causes React state updates should be wrapped into 
act(...):

act(() => {
  /* fire events that update state */
});
/* assert on the output */

This ensures that you're testing the behavior the user would see in the 
browser. Learn more at https://reactjs.org/link/wrap-tests-with-act
    at DiscoveryMap (C:\Users\KESHAV\Downloads\foodredist\Food-Redistribution-P
latform\frontend\src\pages\dashboard\DiscoveryMap.tsx:32:53)
Warning: An update to DiscoveryMap inside a test was not wrapped in act(...).

When testing, code that causes React state updates should be wrapped into 
act(...):

act(() => {
  /* fire events that update state */
});
/* assert on the output */

This ensures that you're testing the behavior the user would see in the 
browser. Learn more at https://reactjs.org/link/wrap-tests-with-act
    at DiscoveryMap (C:\Users\KESHAV\Downloads\foodredist\Food-Redistribution-P
latform\frontend\src\pages\dashboard\DiscoveryMap.tsx:32:53)

[90mstderr[2m | src/__tests__/pages/dashboard/DiscoveryMap.test.tsx[2m > 
[22m[2mDiscoveryMap - Food Location Visualization[2m > [22m[2mshould 
display donation information in popups[22m[39m
Warning: An update to DiscoveryMap inside a test was not wrapped in act(...).

When testing, code that causes React state updates should be wrapped into 
act(...):

act(() => {
  /* fire events that update state */
});
/* assert on the output */

This ensures that you're testing the behavior the user would see in the 
browser. Learn more at https://reactjs.org/link/wrap-tests-with-act
    at DiscoveryMap (C:\Users\KESHAV\Downloads\foodredist\Food-Redistribution-P
latform\frontend\src\pages\dashboard\DiscoveryMap.tsx:32:53)
Warning: An update to DiscoveryMap inside a test was not wrapped in act(...).

When testing, code that causes React state updates should be wrapped into 
act(...):

act(() => {
  /* fire events that update state */
});
/* assert on the output */

This ensures that you're testing the behavior the user would see in the 
browser. Learn more at https://reactjs.org/link/wrap-tests-with-act
    at DiscoveryMap (C:\Users\KESHAV\Downloads\foodredist\Food-Redistribution-P
latform\frontend\src\pages\dashboard\DiscoveryMap.tsx:32:53)

[90mstderr[2m | src/__tests__/pages/dashboard/NGODashboard.test.tsx[2m > 
[22m[2mNGODashboard - NGO Organization Dashboard[2m > [22m[2mshould 
render NGO dashboard[22m[39m
Warning: An update to NGODashboard inside a test was not wrapped in act(...).

When testing, code that causes React state updates should be wrapped into 
act(...):

act(() => {
  /* fire events that update state */
});
/* assert on the output */

This ensures that you're testing the behavior the user would see in the 
browser. Learn more at https://reactjs.org/link/wrap-tests-with-act
    at NGODashboard (C:\Users\KESHAV\Downloads\foodredist\Food-Redistribution-P
latform\frontend\src\pages\dashboard\NGODashboard.tsx:12:59)
Warning: An update to NGODashboard inside a test was not wrapped in act(...).

When testing, code that causes React state updates should be wrapped into 
act(...):

act(() => {
  /* fire events that update state */
});
/* assert on the output */

This ensures that you're testing the behavior the user would see in the 
browser. Learn more at https://reactjs.org/link/wrap-tests-with-act
    at NGODashboard (C:\Users\KESHAV\Downloads\foodredist\Food-Redistribution-P
latform\frontend\src\pages\dashboard\NGODashboard.tsx:12:59)

[90mstderr[2m | src/__tests__/pages/dashboard/NGODashboard.test.tsx[2m > 
[22m[2mNGODashboard - NGO Organization Dashboard[2m > [22m[2mshould 
display available donations to claim[22m[39m
Warning: An update to NGODashboard inside a test was not wrapped in act(...).

When testing, code that causes React state updates should be wrapped into 
act(...):
 [32mΓ£ô[39m src/__tests__/pages/dashboard/NGODashboard.test.tsx[2m > [22mNGODashboard - NGO Organization Dashboard[2m > [22mshould render NGO dashboard
 [32mΓ£ô[39m src/__tests__/pages/dashboard/NGODashboard.test.tsx[2m > [22mNGODashboard - NGO Organization Dashboard[2m > [22mshould display available donations to claim
 [32mΓ£ô[39m src/__tests__/pages/dashboard/NGODashboard.test.tsx[2m > [22mNGODashboard - NGO Organization Dashboard[2m > [22mshould show NGO organization name

 [32mΓ£ô[39m src/__tests__/pages/dashboard/NGODashboard.test.tsx[2m > [22mNGODashboard - NGO Organization Dashboard[2m > [22mshould have navigation to manage distributions
 [32mΓ£ô[39m src/__tests__/pages/dashboard/NGODashboard.test.tsx[2m > [22mNGODashboard - NGO Organization Dashboard[2m > [22mshould render without crashing
act(() => {
  /* fire events that update state */
});
/* assert on the output */

This ensures that you're testing the behavior the user would see in the 
browser. Learn more at https://reactjs.org/link/wrap-tests-with-act
    at NGODashboard (C:\Users\KESHAV\Downloads\foodredist\Food-Redistribution-P
latform\frontend\src\pages\dashboard\NGODashboard.tsx:12:59)
Warning: An update to NGODashboard inside a test was not wrapped in act(...).

When testing, code that causes React state updates should be wrapped into 
act(...):

act(() => {
  /* fire events that update state */
});
/* assert on the output */

This ensures that you're testing the behavior the user would see in the 
browser. Learn more at https://reactjs.org/link/wrap-tests-with-act
    at NGODashboard (C:\Users\KESHAV\Downloads\foodredist\Food-Redistribution-P
latform\frontend\src\pages\dashboard\NGODashboard.tsx:12:59)

[90mstderr[2m | src/__tests__/pages/dashboard/NGODashboard.test.tsx[2m > 
[22m[2mNGODashboard - NGO Organization Dashboard[2m > [22m[2mshould show 
NGO organization name[22m[39m
Warning: An update to NGODashboard inside a test was not wrapped in act(...).

When testing, code that causes React state updates should be wrapped into 
act(...):

act(() => {
  /* fire events that update state */
});
/* assert on the output */

This ensures that you're testing the behavior the user would see in the 
browser. Learn more at https://reactjs.org/link/wrap-tests-with-act
    at NGODashboard (C:\Users\KESHAV\Downloads\foodredist\Food-Redistribution-P
latform\frontend\src\pages\dashboard\NGODashboard.tsx:12:59)
Warning: An update to NGODashboard inside a test was not wrapped in act(...).

When testing, code that causes React state updates should be wrapped into 
act(...):

act(() => {
  /* fire events that update state */
});
/* assert on the output */

This ensures that you're testing the behavior the user would see in the 
browser. Learn more at https://reactjs.org/link/wrap-tests-with-act
    at NGODashboard (C:\Users\KESHAV\Downloads\foodredist\Food-Redistribution-P
latform\frontend\src\pages\dashboard\NGODashboard.tsx:12:59)

[90mstderr[2m | src/__tests__/pages/dashboard/NGODashboard.test.tsx[2m > 
[22m[2mNGODashboard - NGO Organization Dashboard[2m > [22m[2mshould have 
navigation to manage distributions[22m[39m
Warning: An update to NGODashboard inside a test was not wrapped in act(...).

When testing, code that causes React state updates should be wrapped into 
act(...):

act(() => {
  /* fire events that update state */
});
/* assert on the output */

This ensures that you're testing the behavior the user would see in the 
browser. Learn more at https://reactjs.org/link/wrap-tests-with-act
    at NGODashboard (C:\Users\KESHAV\Downloads\foodredist\Food-Redistribution-P
latform\frontend\src\pages\dashboard\NGODashboard.tsx:12:59)
Warning: An update to NGODashboard inside a test was not wrapped in act(...).

When testing, code that causes React state updates should be wrapped into 
act(...):

act(() => {
  /* fire events that update state */
});
/* assert on the output */

This ensures that you're testing the behavior the user would see in the 
browser. Learn more at https://reactjs.org/link/wrap-tests-with-act
    at NGODashboard (C:\Users\KESHAV\Downloads\foodredist\Food-Redistribution-P
latform\frontend\src\pages\dashboard\NGODashboard.tsx:12:59)

[90mstderr[2m | src/__tests__/pages/dashboard/NGODashboard.test.tsx[2m > 
[22m[2mNGODashboard - NGO Organization Dashboard[2m > [22m[2mshould 
render without crashing[22m[39m
Warning: An update to NGODashboard inside a test was not wrapped in act(...).

When testing, code that causes React state updates should be wrapped into 
act(...):

act(() => {
  /* fire events that update state */
});
/* assert on the output */

This ensures that you're testing the behavior the user would see in the 
browser. Learn more at https://reactjs.org/link/wrap-tests-with-act
    at NGODashboard (C:\Users\KESHAV\Downloads\foodredist\Food-Redistribution-P
latform\frontend\src\pages\dashboard\NGODashboard.tsx:12:59)
Warning: An update to NGODashboard inside a test was not wrapped in act(...).

When testing, code that causes React state updates should be wrapped into 
act(...):

act(() => {
  /* fire events that update state */
});
/* assert on the output */

This ensures that you're testing the behavior the user would see in the 
browser. Learn more at https://reactjs.org/link/wrap-tests-with-act
    at NGODashboard (C:\Users\KESHAV\Downloads\foodredist\Food-Redistribution-P
latform\frontend\src\pages\dashboard\NGODashboard.tsx:12:59)

 [32mΓ£ô[39m src/__tests__/App.test.tsx[2m > [22mApp - Routing Component[2m > [22mshould render the App component
 [32mΓ£ô[39m src/__tests__/App.test.tsx[2m > [22mApp - Routing Component[2m > [22mshould setup BrowserRouter for navigation
 [32mΓ£ô[39m src/__tests__/App.test.tsx[2m > [22mApp - Routing Component[2m > [22mshould define all application routes
 [32mΓ£ô[39m src/__tests__/App.test.tsx[2m > [22mApp - Routing Component[2m > [22mshould render without crashing
 [32mΓ£ô[39m src/__tests__/pages/dashboard/History.test.tsx[2m > [22mHistory - User Donation History[2m > [22mshould render history page
 [32mΓ£ô[39m src/__tests__/pages/dashboard/History.test.tsx[2m > [22mHistory - User Donation History[2m > [22mshould display list of past donations
 [32mΓ£ô[39m src/__tests__/pages/dashboard/History.test.tsx[2m > [22mHistory - User Donation History[2m > [22mshould show donation details (date, food type, status)
 [32mΓ£ô[39m src/__tests__/pages/dashboard/History.test.tsx[2m > [22mHistory - User Donation History[2m > [22mshould render without crashing
 [32mΓ£ô[39m src/__tests__/pages/dashboard/History.test.tsx[2m > [22mHistory - User Donation History[2m > [22mshould display empty state when no history
[90mstderr[2m | src/__tests__/pages/dashboard/History.test.tsx[2m > 
[22m[2mHistory - User Donation History[2m > [22m[2mshould render history 
page[22m[39m
Warning: An update to History inside a test was not wrapped in act(...).

When testing, code that causes React state updates should be wrapped into 
act(...):

act(() => {
  /* fire events that update state */
});
/* assert on the output */

This ensures that you're testing the behavior the user would see in the 
browser. Learn more at https://reactjs.org/link/wrap-tests-with-act
    at History (C:\Users\KESHAV\Downloads\foodredist\Food-Redistribution-Platfo
rm\frontend\src\pages\dashboard\History.tsx:8:59)
Warning: An update to History inside a test was not wrapped in act(...).

When testing, code that causes React state updates should be wrapped into 
act(...):

act(() => {
  /* fire events that update state */
});
/* assert on the output */

This ensures that you're testing the behavior the user would see in the 
browser. Learn more at https://reactjs.org/link/wrap-tests-with-act
    at History (C:\Users\KESHAV\Downloads\foodredist\Food-Redistribution-Platfo
rm\frontend\src\pages\dashboard\History.tsx:8:59)

[90mstderr[2m | src/__tests__/pages/dashboard/History.test.tsx[2m > 
[22m[2mHistory - User Donation History[2m > [22m[2mshould display list of 
past donations[22m[39m
Warning: An update to History inside a test was not wrapped in act(...).

When testing, code that causes React state updates should be wrapped into 
act(...):

act(() => {
  /* fire events that update state */
});
/* assert on the output */

This ensures that you're testing the behavior the user would see in the 
browser. Learn more at https://reactjs.org/link/wrap-tests-with-act
    at History (C:\Users\KESHAV\Downloads\foodredist\Food-Redistribution-Platfo
rm\frontend\src\pages\dashboard\History.tsx:8:59)
Warning: An update to History inside a test was not wrapped in act(...).

When testing, code that causes React state updates should be wrapped into 
act(...):

act(() => {
  /* fire events that update state */
});
/* assert on the output */

This ensures that you're testing the behavior the user would see in the 
browser. Learn more at https://reactjs.org/link/wrap-tests-with-act
    at History (C:\Users\KESHAV\Downloads\foodredist\Food-Redistribution-Platfo
rm\frontend\src\pages\dashboard\History.tsx:8:59)

[90mstderr[2m | src/__tests__/pages/dashboard/History.test.tsx[2m > 
[22m[2mHistory - User Donation History[2m > [22m[2mshould show donation 
details (date, food type, status)[22m[39m
Warning: An update to History inside a test was not wrapped in act(...).

When testing, code that causes React state updates should be wrapped into 
act(...):

act(() => {
  /* fire events that update state */
});
/* assert on the output */

This ensures that you're testing the behavior the user would see in the 
browser. Learn more at https://reactjs.org/link/wrap-tests-with-act
    at History (C:\Users\KESHAV\Downloads\foodredist\Food-Redistribution-Platfo
rm\frontend\src\pages\dashboard\History.tsx:8:59)
Warning: An update to History inside a test was not wrapped in act(...).

When testing, code that causes React state updates should be wrapped into 
act(...):

act(() => {
  /* fire events that update state */
});
/* assert on the output */

This ensures that you're testing the behavior the user would see in the 
browser. Learn more at https://reactjs.org/link/wrap-tests-with-act
    at History (C:\Users\KESHAV\Downloads\foodredist\Food-Redistribution-Platfo
rm\frontend\src\pages\dashboard\History.tsx:8:59)

[90mstderr[2m | src/__tests__/pages/dashboard/History.test.tsx[2m > 
[22m[2mHistory - User Donation History[2m > [22m[2mshould render without 
crashing[22m[39m
Warning: An update to History inside a test was not wrapped in act(...).

When testing, code that causes React state updates should be wrapped into 
act(...):

act(() => {
  /* fire events that update state */
});
/* assert on the output */

This ensures that you're testing the behavior the user would see in the 
browser. Learn more at https://reactjs.org/link/wrap-tests-with-act
    at History (C:\Users\KESHAV\Downloads\foodredist\Food-Redistribution-Platfo
rm\frontend\src\pages\dashboard\History.tsx:8:59)
Warning: An update to History inside a test was not wrapped in act(...).

When testing, code that causes React state updates should be wrapped into 
act(...):

act(() => {
  /* fire events that update state */
});
/* assert on the output */

This ensures that you're testing the behavior the user would see in the 
browser. Learn more at https://reactjs.org/link/wrap-tests-with-act
    at History (C:\Users\KESHAV\Downloads\foodredist\Food-Redistribution-Platfo
rm\frontend\src\pages\dashboard\History.tsx:8:59)

[90mstderr[2m | src/__tests__/pages/dashboard/History.test.tsx[2m > 
[22m[2mHistory - User Donation History[2m > [22m[2mshould display empty 
state when no history[22m[39m
Warning: An update to History inside a test was not wrapped in act(...).

When testing, code that causes React state updates should be wrapped into 
act(...):

act(() => {
  /* fire events that update state */
});
/* assert on the output */

This ensures that you're testing the behavior the user would see in the 
browser. Learn more at https://reactjs.org/link/wrap-tests-with-act
    at History (C:\Users\KESHAV\Downloads\foodredist\Food-Redistribution-Platfo
rm\frontend\src\pages\dashboard\History.tsx:8:59)
Warning: An update to History inside a test was not wrapped in act(...).

When testing, code that causes React state updates should be wrapped into 
act(...):

act(() => {
  /* fire events that update state */
});
/* assert on the output */

This ensures that you're testing the behavior the user would see in the 
browser. Learn more at https://reactjs.org/link/wrap-tests-with-act
    at History (C:\Users\KESHAV\Downloads\foodredist\Food-Redistribution-Platfo
rm\frontend\src\pages\dashboard\History.tsx:8:59)

 [32mΓ£ô[39m src/__tests__/pages/dashboard/Impact.test.tsx[2m > [22mImpact - User Impact Statistics[2m > [22mshould render impact page
 [32mΓ£ô[39m src/__tests__/pages/dashboard/Impact.test.tsx[2m > [22mImpact - User Impact Statistics[2m > [22mshould display impact statistics (meals, CO2 saved, donations)
 [32mΓ£ô[39m src/__tests__/pages/dashboard/Impact.test.tsx[2m > [22mImpact - User Impact Statistics[2m > [22mshould show earned badges and achievements
 [32mΓ£ô[39m src/__tests__/pages/dashboard/Impact.test.tsx[2m > [22mImpact - User Impact Statistics[2m > [22mshould render without crashing
 [32mΓ£ô[39m src/__tests__/pages/dashboard/Impact.test.tsx[2m > [22mImpact - User Impact Statistics[2m > [22mshould display social impact metrics
[90mstderr[2m | src/__tests__/pages/dashboard/Impact.test.tsx[2m > 
[22m[2mImpact - User Impact Statistics[2m > [22m[2mshould render impact 
page[22m[39m
Warning: An update to Impact inside a test was not wrapped in act(...).

When testing, code that causes React state updates should be wrapped into 
act(...):

act(() => {
  /* fire events that update state */
});
/* assert on the output */

This ensures that you're testing the behavior the user would see in the 
browser. Learn more at https://reactjs.org/link/wrap-tests-with-act
    at Impact (C:\Users\KESHAV\Downloads\foodredist\Food-Redistribution-Platfor
m\frontend\src\pages\dashboard\Impact.tsx:10:49)
Warning: An update to Impact inside a test was not wrapped in act(...).

When testing, code that causes React state updates should be wrapped into 
act(...):

act(() => {
  /* fire events that update state */
});
/* assert on the output */

This ensures that you're testing the behavior the user would see in the 
browser. Learn more at https://reactjs.org/link/wrap-tests-with-act
    at Impact (C:\Users\KESHAV\Downloads\foodredist\Food-Redistribution-Platfor
m\frontend\src\pages\dashboard\Impact.tsx:10:49)
Warning: An update to Impact inside a test was not wrapped in act(...).

When testing, code that causes React state updates should be wrapped into 
act(...):

act(() => {
  /* fire events that update state */
});
/* assert on the output */

This ensures that you're testing the behavior the user would see in the 
browser. Learn more at https://reactjs.org/link/wrap-tests-with-act
    at Impact (C:\Users\KESHAV\Downloads\foodredist\Food-Redistribution-Platfor
m\frontend\src\pages\dashboard\Impact.tsx:10:49)

[90mstderr[2m | src/__tests__/pages/dashboard/Impact.test.tsx[2m > 
[22m[2mImpact - User Impact Statistics[2m > [22m[2mshould display impact 
statistics (meals, CO2 saved, donations)[22m[39m
Warning: An update to Impact inside a test was not wrapped in act(...).

When testing, code that causes React state updates should be wrapped into 
act(...):

act(() => {
  /* fire events that update state */
});
/* assert on the output */

This ensures that you're testing the behavior the user would see in the 
browser. Learn more at https://reactjs.org/link/wrap-tests-with-act
    at Impact (C:\Users\KESHAV\Downloads\foodredist\Food-Redistribution-Platfor
m\frontend\src\pages\dashboard\Impact.tsx:10:49)
Warning: An update to Impact inside a test was not wrapped in act(...).

When testing, code that causes React state updates should be wrapped into 
act(...):

act(() => {
  /* fire events that update state */
});
/* assert on the output */

This ensures that you're testing the behavior the user would see in the 
browser. Learn more at https://reactjs.org/link/wrap-tests-with-act
    at Impact (C:\Users\KESHAV\Downloads\foodredist\Food-Redistribution-Platfor
m\frontend\src\pages\dashboard\Impact.tsx:10:49)
Warning: An update to Impact inside a test was not wrapped in act(...).

When testing, code that causes React state updates should be wrapped into 
act(...):

act(() => {
  /* fire events that update state */
});
/* assert on the output */

This ensures that you're testing the behavior the user would see in the 
browser. Learn more at https://reactjs.org/link/wrap-tests-with-act
    at Impact (C:\Users\KESHAV\Downloads\foodredist\Food-Redistribution-Platfor
m\frontend\src\pages\dashboard\Impact.tsx:10:49)

[90mstderr[2m | src/__tests__/pages/dashboard/Impact.test.tsx[2m > 
[22m[2mImpact - User Impact Statistics[2m > [22m[2mshould show earned 
badges and achievements[22m[39m
Warning: An update to Impact inside a test was not wrapped in act(...).

When testing, code that causes React state updates should be wrapped into 
act(...):

act(() => {
  /* fire events that update state */
});
/* assert on the output */

This ensures that you're testing the behavior the user would see in the 
browser. Learn more at https://reactjs.org/link/wrap-tests-with-act
    at Impact (C:\Users\KESHAV\Downloads\foodredist\Food-Redistribution-Platfor
m\frontend\src\pages\dashboard\Impact.tsx:10:49)
Warning: An update to Impact inside a test was not wrapped in act(...).

When testing, code that causes React state updates should be wrapped into 
act(...):

act(() => {
  /* fire events that update state */
});
/* assert on the output */

This ensures that you're testing the behavior the user would see in the 
browser. Learn more at https://reactjs.org/link/wrap-tests-with-act
    at Impact (C:\Users\KESHAV\Downloads\foodredist\Food-Redistribution-Platfor
m\frontend\src\pages\dashboard\Impact.tsx:10:49)
Warning: An update to Impact inside a test was not wrapped in act(...).

When testing, code that causes React state updates should be wrapped into 
act(...):

act(() => {
  /* fire events that update state */
});
 [32mΓ£ô[39m src/__tests__/pages/LandingPage.test.tsx[2m > [22mLandingPage - Marketing Homepage[2m > [22mshould render landing page
 [32mΓ£ô[39m src/__tests__/pages/LandingPage.test.tsx[2m > [22mLandingPage - Marketing Homepage[2m > [22mshould display hero section with platform value proposition
 [32mΓ£ô[39m src/__tests__/pages/LandingPage.test.tsx[2m > [22mLandingPage - Marketing Homepage[2m > [22mshould have Login and Register navigation links
 [32mΓ£ô[39m src/__tests__/pages/LandingPage.test.tsx[2m > [22mLandingPage - Marketing Homepage[2m > [22mshould showcase key features or benefits
 [32mΓ£ô[39m src/__tests__/pages/LandingPage.test.tsx[2m > [22mLandingPage - Marketing Homepage[2m > [22mshould render without crashing
/* assert on the output */

This ensures that you're testing the behavior the user would see in the 
browser. Learn more at https://reactjs.org/link/wrap-tests-with-act
    at Impact (C:\Users\KESHAV\Downloads\foodredist\Food-Redistribution-Platfor
m\frontend\src\pages\dashboard\Impact.tsx:10:49)

[90mstderr[2m | src/__tests__/pages/dashboard/Impact.test.tsx[2m > 
[22m[2mImpact - User Impact Statistics[2m > [22m[2mshould render without 
crashing[22m[39m
Warning: An update to Impact inside a test was not wrapped in act(...).

When testing, code that causes React state updates should be wrapped into 
act(...):

act(() => {

  /* fire events that update state */
});
/* assert on the output */

This ensures that you're testing the behavior the user would see in the 
browser. Learn more at https://reactjs.org/link/wrap-tests-with-act
    at Impact (C:\Users\KESHAV\Downloads\foodredist\Food-Redistribution-Platfor
m\frontend\src\pages\dashboard\Impact.tsx:10:49)
Warning: An update to Impact inside a test was not wrapped in act(...).

When testing, code that causes React state updates should be wrapped into 
act(...):

act(() => {
  /* fire events that update state */
});
/* assert on the output */

This ensures that you're testing the behavior the user would see in the 
browser. Learn more at https://reactjs.org/link/wrap-tests-with-act
    at Impact (C:\Users\KESHAV\Downloads\foodredist\Food-Redistribution-Platfor
m\frontend\src\pages\dashboard\Impact.tsx:10:49)
Warning: An update to Impact inside a test was not wrapped in act(...).

When testing, code that causes React state updates should be wrapped into 
act(...):

act(() => {
  /* fire events that update state */
});
/* assert on the output */

This ensures that you're testing the behavior the user would see in the 
browser. Learn more at https://reactjs.org/link/wrap-tests-with-act
    at Impact (C:\Users\KESHAV\Downloads\foodredist\Food-Redistribution-Platfor
m\frontend\src\pages\dashboard\Impact.tsx:10:49)

[90mstderr[2m | src/__tests__/pages/dashboard/Impact.test.tsx[2m > 
[22m[2mImpact - User Impact Statistics[2m > [22m[2mshould display social 
impact metrics[22m[39m
Warning: An update to Impact inside a test was not wrapped in act(...).

When testing, code that causes React state updates should be wrapped into 
act(...):

act(() => {
  /* fire events that update state */
});
/* assert on the output */

This ensures that you're testing the behavior the user would see in the 
browser. Learn more at https://reactjs.org/link/wrap-tests-with-act
    at Impact (C:\Users\KESHAV\Downloads\foodredist\Food-Redistribution-Platfor
m\frontend\src\pages\dashboard\Impact.tsx:10:49)
Warning: An update to Impact inside a test was not wrapped in act(...).

When testing, code that causes React state updates should be wrapped into 
act(...):

act(() => {
[31mΓÄ»ΓÄ»ΓÄ»ΓÄ»ΓÄ»ΓÄ»[1m[7m Unhandled Errors [27m[22mΓÄ»ΓÄ»ΓÄ»ΓÄ»ΓÄ»ΓÄ»[39m
[31m[1m
Vitest caught 5 unhandled errors during the test run.
This might cause false positive tests. Resolve unhandled errors to make sure your tests are not affected.[22m[39m
  /* fire events that update state */
});
/* assert on the output */

This ensures that you're testing the behavior the user would see in the 
browser. Learn more at https://reactjs.org/link/wrap-tests-with-act
    at Impact (C:\Users\KESHAV\Downloads\foodredist\Food-Redistribution-Platfor
m\frontend\src\pages\dashboard\Impact.tsx:10:49)
Warning: An update to Impact inside a test was not wrapped in act(...).

When testing, code that causes React state updates should be wrapped into 
act(...):

act(() => {
  /* fire events that update state */
});
/* assert on the output */

This ensures that you're testing the behavior the user would see in the 
browser. Learn more at https://reactjs.org/link/wrap-tests-with-act
    at Impact (C:\Users\KESHAV\Downloads\foodredist\Food-Redistribution-Platfor
m\frontend\src\pages\dashboard\Impact.tsx:10:49)

[31mΓÄ»ΓÄ»ΓÄ»ΓÄ»ΓÄ»ΓÄ»ΓÄ»[1m[7m Failed Tests 6 
[27m[22mΓÄ»ΓÄ»ΓÄ»ΓÄ»ΓÄ»ΓÄ»ΓÄ»[39m

[31m[1m[7m FAIL [27m[22m[39m src/__tests__/pages/Login.test.tsx[2m > 
[22mLogin - User Authentication[2m > [22mshould render login form with 
email and password fields
[31m[1m[7m FAIL [27m[22m[39m src/__tests__/pages/Login.test.tsx[2m > 
[22mLogin - User Authentication[2m > [22mshould display login page title 
and branding
[31m[1m[7m FAIL [27m[22m[39m src/__tests__/pages/Login.test.tsx[2m > 
[22mLogin - User Authentication[2m > [22mshould handle form submission with 
valid credentials
[31m[1m[7m FAIL [27m[22m[39m src/__tests__/pages/Login.test.tsx[2m > 
[22mLogin - User Authentication[2m > [22mshould display feature list for 
platform benefits
[31m[1m[7m FAIL [27m[22m[39m src/__tests__/pages/Login.test.tsx[2m > 
[22mLogin - User Authentication[2m > [22mshould render register link for 
new users
[31m[1mReferenceError[22m: mockNavigate is not defined[39m
[36m [2mΓ¥»[22m Proxy.useNavigate 
src/__tests__/pages/Login.test.tsx:[2m17:26[22m[39m
    [90m 16| [39m}))
    [90m 17| [39m
    [90m 18| [39m[35mimport[39m { loginUser } [35mfrom[39m 
[32m'../../services/api'[39m
    [90m   | [39m                        [31m^[39m
    [90m 19| [39m
    [90m 20| [39m[34mdescribe[39m([32m'Login - User 
Authentication'[39m[33m,[39m () [33m=>[39m {
[90m [2mΓ¥»[22m Login src/pages/Login.tsx:[2m11:20[22m[39m
[90m [2mΓ¥»[22m renderWithHooks 
node_modules/react-dom/cjs/react-dom.development.js:[2m15486:18[22m[39m
[90m [2mΓ¥»[22m mountIndeterminateComponent 
node_modules/react-dom/cjs/react-dom.development.js:[2m20103:13[22m[39m
[90m [2mΓ¥»[22m beginWork 
node_modules/react-dom/cjs/react-dom.development.js:[2m21626:16[22m[39m
[90m [2mΓ¥»[22m beginWork$1 
node_modules/react-dom/cjs/react-dom.development.js:[2m27465:14[22m[39m
[90m [2mΓ¥»[22m performUnitOfWork 
node_modules/react-dom/cjs/react-dom.development.js:[2m26599:12[22m[39m
[90m [2mΓ¥»[22m workLoopSync 
node_modules/react-dom/cjs/react-dom.development.js:[2m26505:5[22m[39m
[90m [2mΓ¥»[22m renderRootSync 
node_modules/react-dom/cjs/react-dom.development.js:[2m26473:7[22m[39m
[90m [2mΓ¥»[22m recoverFromConcurrentError 
node_modules/react-dom/cjs/react-dom.development.js:[2m25889:20[22m[39m

[31m[2mΓÄ»ΓÄ»ΓÄ»ΓÄ»ΓÄ»ΓÄ»ΓÄ»ΓÄ»ΓÄ»ΓÄ»ΓÄ»ΓÄ»ΓÄ»ΓÄ»ΓÄ»ΓÄ»ΓÄ»ΓÄ»ΓÄ»ΓÄ»ΓÄ»ΓÄ»ΓÄ»Γ
Ä»[1/6]ΓÄ»[22m[39m

[31m[1m[7m FAIL [27m[22m[39m 
src/__tests__/pages/dashboard/Profile.test.tsx[2m > [22mProfile - User 
Profile Management[2m > [22mshould have save profile button
[31m[1mAssertionError[22m: expected false to be truthy[39m
[36m [2mΓ¥»[22m 
src/__tests__/pages/dashboard/Profile.test.tsx:[2m45:32[22m[39m
    [90m 43| [39m    [35mconst[39m { container } [33m=[39m 
[34mrender[39m([33m<[39m[33mProfile[39m [33m/[39m[33m>[39m)
    [90m 44| [39m    [35mconst[39m buttons [33m=[39m 
container[33m.[39m[34mquerySelectorAll[39m([32m'button'[39m)
    [90m 45| [39m    [34mexpect[39m(buttons[33m.[39mlength [33m>[39m 
[34m0[39m)[33m.[39m[34mtoBeTruthy[39m()
    [90m   | [39m                               [31m^[39m
    [90m 46| [39m  })
    [90m 47| [39m

[31mΓÄ»ΓÄ»ΓÄ»ΓÄ»ΓÄ»ΓÄ»ΓÄ»ΓÄ»ΓÄ»ΓÄ»ΓÄ»ΓÄ»ΓÄ»ΓÄ»ΓÄ»ΓÄ»ΓÄ»ΓÄ»ΓÄ»ΓÄ»ΓÄ»ΓÄ»ΓÄ»ΓÄ»ΓÄ»ΓÄ»ΓÄ»ΓÄ»ΓÄ»ΓÄ»[39m
[2m Test Files [22m [1m[31m2 failed[39m[22m[2m | [22m[1m[32m12 passed[39m[22m[90m (14)[39m
[2m      Tests [22m [1m[31m6 failed[39m[22m[2m | [22m[1m[32m68 passed[39m[22m[90m (74)[39m
[2m     Errors [22m [1m[31m5 errors[39m[22m
[2m   Start at [22m 16:47:03
[2m   Duration [22m 15.04s[2m (transform 6.23s, setup 1.25s, collect 28.80s, tests 3.46s, environment 34.40s, prepare 8.27s)[22m

[31m[2mΓÄ»ΓÄ»ΓÄ»ΓÄ»ΓÄ»ΓÄ»ΓÄ»ΓÄ»ΓÄ»ΓÄ»ΓÄ»ΓÄ»ΓÄ»ΓÄ»ΓÄ»ΓÄ»ΓÄ»ΓÄ»ΓÄ»ΓÄ»ΓÄ»ΓÄ»ΓÄ»Γ
Ä»[2/6]ΓÄ»[22m[39m


[31mΓÄ»ΓÄ»ΓÄ»ΓÄ»[1m[7m Unhandled Rejection [27m[22mΓÄ»ΓÄ»ΓÄ»ΓÄ»ΓÄ»[39m
[31m[1mTypeError[22m: Cannot read properties of undefined (reading 
'getTime')[39m
[36m [2mΓ¥»[22m src/pages/dashboard/Notifications.tsx:[2m20:62[22m[39m
    [90m 18| [39m        [35mtry[39m {
    [90m 19| [39m            [35mconst[39m data [33m=[39m 
[35mawait[39m [34mgetNotifications[39m(user[33m.[39mid)
    [90m 20| [39m            
[34msetNotifications[39m(data[33m.[39m[34msort[39m((a[33m,[39m b) 
[33m=>[39m b[33m.[39mcreatedAt[33m.[39m[34mgetTime[39m()ΓÇª
    [90m   | [39m                                                            
 [31m^[39m
    [90m 21| [39m        } [35mfinally[39m {
    [90m 22| [39m            [34msetLoading[39m([35mfalse[39m)
[90m [2mΓ¥»[22m loadNotifications 
src/pages/dashboard/Notifications.tsx:[2m20:35[22m[39m

[31mThis error originated in 
"[1msrc/__tests__/pages/dashboard/Notifications.test.tsx[22m" test file. It 
doesn't mean the error was thrown inside the file itself, but while it was 
running.[39m

[31mΓÄ»ΓÄ»ΓÄ»ΓÄ»[1m[7m Unhandled Rejection [27m[22mΓÄ»ΓÄ»ΓÄ»ΓÄ»ΓÄ»[39m
[31m[1mTypeError[22m: Cannot read properties of undefined (reading 
'getTime')[39m
[36m [2mΓ¥»[22m src/pages/dashboard/Notifications.tsx:[2m20:62[22m[39m
    [90m 18| [39m        [35mtry[39m {
    [90m 19| [39m            [35mconst[39m data [33m=[39m 
[35mawait[39m [34mgetNotifications[39m(user[33m.[39mid)
    [90m 20| [39m            
[34msetNotifications[39m(data[33m.[39m[34msort[39m((a[33m,[39m b) 
[33m=>[39m b[33m.[39mcreatedAt[33m.[39m[34mgetTime[39m()ΓÇª
    [90m   | [39m                                                            
 [31m^[39m
    [90m 21| [39m        } [35mfinally[39m {
    [90m 22| [39m            [34msetLoading[39m([35mfalse[39m)
[90m [2mΓ¥»[22m loadNotifications 
src/pages/dashboard/Notifications.tsx:[2m20:35[22m[39m

[31mThis error originated in 
"[1msrc/__tests__/pages/dashboard/Notifications.test.tsx[22m" test file. It 
doesn't mean the error was thrown inside the file itself, but while it was 
running.[39m

[31mΓÄ»ΓÄ»ΓÄ»ΓÄ»[1m[7m Unhandled Rejection [27m[22mΓÄ»ΓÄ»ΓÄ»ΓÄ»ΓÄ»[39m
[31m[1mTypeError[22m: Cannot read properties of undefined (reading 
'getTime')[39m
[36m [2mΓ¥»[22m src/pages/dashboard/Notifications.tsx:[2m20:62[22m[39m
    [90m 18| [39m        [35mtry[39m {
    [90m 19| [39m            [35mconst[39m data [33m=[39m 
[35mawait[39m [34mgetNotifications[39m(user[33m.[39mid)
    [90m 20| [39m            
[34msetNotifications[39m(data[33m.[39m[34msort[39m((a[33m,[39m b) 
[33m=>[39m b[33m.[39mcreatedAt[33m.[39m[34mgetTime[39m()ΓÇª
    [90m   | [39m                                                            
 [31m^[39m
    [90m 21| [39m        } [35mfinally[39m {
    [90m 22| [39m            [34msetLoading[39m([35mfalse[39m)
[90m [2mΓ¥»[22m loadNotifications 
src/pages/dashboard/Notifications.tsx:[2m20:35[22m[39m

[31mThis error originated in 
"[1msrc/__tests__/pages/dashboard/Notifications.test.tsx[22m" test file. It 
doesn't mean the error was thrown inside the file itself, but while it was 
running.[39m

[31mΓÄ»ΓÄ»ΓÄ»ΓÄ»[1m[7m Unhandled Rejection [27m[22mΓÄ»ΓÄ»ΓÄ»ΓÄ»ΓÄ»[39m
[31m[1mTypeError[22m: Cannot read properties of undefined (reading 
'getTime')[39m
[36m [2mΓ¥»[22m src/pages/dashboard/Notifications.tsx:[2m20:62[22m[39m
    [90m 18| [39m        [35mtry[39m {
    [90m 19| [39m            [35mconst[39m data [33m=[39m 
[35mawait[39m [34mgetNotifications[39m(user[33m.[39mid)
    [90m 20| [39m            
[34msetNotifications[39m(data[33m.[39m[34msort[39m((a[33m,[39m b) 
[33m=>[39m b[33m.[39mcreatedAt[33m.[39m[34mgetTime[39m()ΓÇª
    [90m   | [39m                                                            
 [31m^[39m
    [90m 21| [39m        } [35mfinally[39m {
    [90m 22| [39m            [34msetLoading[39m([35mfalse[39m)
[90m [2mΓ¥»[22m loadNotifications 
src/pages/dashboard/Notifications.tsx:[2m20:35[22m[39m

[31mThis error originated in 
"[1msrc/__tests__/pages/dashboard/Notifications.test.tsx[22m" test file. It 
doesn't mean the error was thrown inside the file itself, but while it was 
running.[39m

[31mΓÄ»ΓÄ»ΓÄ»ΓÄ»[1m[7m Unhandled Rejection [27m[22mΓÄ»ΓÄ»ΓÄ»ΓÄ»ΓÄ»[39m
[31m[1mTypeError[22m: Cannot read properties of undefined (reading 
'getTime')[39m
[36m [2mΓ¥»[22m src/pages/dashboard/Notifications.tsx:[2m20:62[22m[39m
    [90m 18| [39m        [35mtry[39m {
    [90m 19| [39m            [35mconst[39m data [33m=[39m 
[35mawait[39m [34mgetNotifications[39m(user[33m.[39mid)
    [90m 20| [39m            
[34msetNotifications[39m(data[33m.[39m[34msort[39m((a[33m,[39m b) 
[33m=>[39m b[33m.[39mcreatedAt[33m.[39m[34mgetTime[39m()ΓÇª
    [90m   | [39m                                                            
 [31m^[39m
    [90m 21| [39m        } [35mfinally[39m {
    [90m 22| [39m            [34msetLoading[39m([35mfalse[39m)
[90m [2mΓ¥»[22m loadNotifications 
src/pages/dashboard/Notifications.tsx:[2m20:35[22m[39m

[31mThis error originated in 
"[1msrc/__tests__/pages/dashboard/Notifications.test.tsx[22m" test file. It 
doesn't mean the error was thrown inside the file itself, but while it was 
running.[39m

