
> food-redistribution-backend@1.0.0 test
> jest

node.exe : PASS src/a
pp.controller.spec.ts
 (10.118 s)
At line:1 char:1
+ & "C:\Program Files
\nodejs/node.exe" 
"C:\Program 
Files\nodejs/node_mo 
...
+ ~~~~~~~~~~~~~~~~~~~
~~~~~~~~~~~~~~~~~~~~~
~~~~~~~~~~~~~~~~~~~~~
~~~~~~~~
    + CategoryInfo   
           : 
NotSpecified: (P    
ASS 
src/app.co...c.ts    
 (10.118 s):String) 
[    ], 
RemoteException
    + 
FullyQualifiedError  
  Id : 
NativeCommandErr    
or
 
PASS src/common/cloud
inary.service.spec.ts
 (10.628 s)
  ΓùÅ Console

    console.warn
      ΓÜá∩╕Å 
Cloudinary keys 
missing. Falling 
back to Mock mode.

    [0m [90m 20 
|[39m       console
[33m.[39mlog([32m'Γ
£à Cloudinary Configu
red'[39m)[33m;[39m
     [90m 21 |[39m 
    } [36melse[39m 
{
    [31m[1m>[22m[
39m[90m 22 |[39m   
    console[33m.[39
mwarn([32m'ΓÜá∩╕Å 
Cloudinary keys 
missing. Falling 
back to Mock mode.'[
39m)[33m;[39m
     [90m    |[39m 
              
[31m[1m^[22m[39m
     [90m 23 |[39m 
    }
     [90m 24 |[39m 
  }
     [90m 25 
|[39m[0m

      at new 
CloudinaryService (co
mmon/cloudinary.servi
ce.ts:22:15)
      at TestingInjec
tor.instantiateClass 
(../node_modules/@nes
tjs/core/injector/inj
ector.js:422:19)
      at callback (..
/node_modules/@nestjs
/core/injector/inject
or.js:70:45)
      at TestingInjec
tor.resolveConstructo
rParams (../node_modu
les/@nestjs/core/inje
ctor/injector.js:170:
24)
      at TestingInjec
tor.loadInstance (../
node_modules/@nestjs/
core/injector/injecto
r.js:75:13)
      at TestingInjec
tor.loadProvider (../
node_modules/@nestjs/
core/injector/injecto
r.js:103:9)
      at ../node_modu
les/@nestjs/core/inje
ctor/instance-loader.
js:56:13
          at async 
Promise.all (index 3)
      at TestingInsta
nceLoader.createInsta
ncesOfProviders (../n
ode_modules/@nestjs/c
ore/injector/instance
-loader.js:55:9)
      at ../node_modu
les/@nestjs/core/inje
ctor/instance-loader.
js:40:13
          at async 
Promise.all (index 1)
      at TestingInsta
nceLoader.createInsta
nces (../node_modules
/@nestjs/core/injecto
r/instance-loader.js:
39:9)
      at TestingInsta
nceLoader.createInsta
ncesOfDependencies (.
./node_modules/@nestj
s/core/injector/insta
nce-loader.js:22:13)
      at TestingInsta
nceLoader.createInsta
ncesOfDependencies (.
./node_modules/@nestj
s/testing/testing-ins
tance-loader.js:9:9)
      at TestingModul
eBuilder.createInstan
cesOfDependencies (..
/node_modules/@nestjs
/testing/testing-modu
le.builder.js:118:9)
      at TestingModul
eBuilder.compile (../
node_modules/@nestjs/
testing/testing-modul
e.builder.js:74:9)
      at 
Object.<anonymous> (c
ommon/cloudinary.serv
ice.spec.ts:16:35)

    console.warn
      ΓÜá∩╕Å 
Cloudinary keys 
missing. Falling 
back to Mock mode.

    [0m [90m 20 
|[39m       console
[33m.[39mlog([32m'Γ
£à Cloudinary Configu
red'[39m)[33m;[39m
     [90m 21 |[39m 
    } [36melse[39m 
{
    [31m[1m>[22m[
39m[90m 22 |[39m   
    console[33m.[39
mwarn([32m'ΓÜá∩╕Å 
Cloudinary keys 
missing. Falling 
back to Mock mode.'[
39m)[33m;[39m
     [90m    |[39m 
              
[31m[1m^[22m[39m
     [90m 23 |[39m 
    }
     [90m 24 |[39m 
  }
     [90m 25 
|[39m[0m

      at new 
CloudinaryService (co
mmon/cloudinary.servi
ce.ts:22:15)
      at TestingInjec
tor.instantiateClass 
(../node_modules/@nes
tjs/core/injector/inj
ector.js:422:19)
      at callback (..
/node_modules/@nestjs
/core/injector/inject
or.js:70:45)
      at TestingInjec
tor.resolveConstructo
rParams (../node_modu
les/@nestjs/core/inje
ctor/injector.js:170:
24)
      at TestingInjec
tor.loadInstance (../
node_modules/@nestjs/
core/injector/injecto
r.js:75:13)
      at TestingInjec
tor.loadProvider (../
node_modules/@nestjs/
core/injector/injecto
r.js:103:9)
      at ../node_modu
les/@nestjs/core/inje
ctor/instance-loader.
js:56:13
          at async 
Promise.all (index 3)
      at TestingInsta
nceLoader.createInsta
ncesOfProviders (../n
ode_modules/@nestjs/c
ore/injector/instance
-loader.js:55:9)
      at ../node_modu
les/@nestjs/core/inje
ctor/instance-loader.
js:40:13
          at async 
Promise.all (index 1)
      at TestingInsta
nceLoader.createInsta
nces (../node_modules
/@nestjs/core/injecto
r/instance-loader.js:
39:9)
      at TestingInsta
nceLoader.createInsta
ncesOfDependencies (.
./node_modules/@nestj
s/core/injector/insta
nce-loader.js:22:13)
      at TestingInsta
nceLoader.createInsta
ncesOfDependencies (.
./node_modules/@nestj
s/testing/testing-ins
tance-loader.js:9:9)
      at TestingModul
eBuilder.createInstan
cesOfDependencies (..
/node_modules/@nestjs
/testing/testing-modu
le.builder.js:118:9)
      at TestingModul
eBuilder.compile (../
node_modules/@nestjs/
testing/testing-modul
e.builder.js:74:9)
      at 
Object.<anonymous> (c
ommon/cloudinary.serv
ice.spec.ts:16:35)

PASS src/auth/auth.se
rvice.spec.ts 
(11.332 s)
PASS src/donations/do
nations.service.spec.
ts (11.399 s)
PASS src/auth/auth.co
ntroller.spec.ts 
(11.707 s)

Test Suites: 5 
passed, 5 total
Tests:       25 
passed, 25 total
Snapshots:   0 total
Time:        12.88 s
Ran all test suites.
